// Jest Snapshot v1, https://goo.gl/fbAQLP

exports[`song load from history tests should load mutliple songs 1`] = `
Array [
  Song {
    "albums": Array [
      AlbumDetails {
        "name": "Rhythms del Mundo - Classics",
        "purchase": PurchaseEncoded {
          "aa": "D:B002JSDW10",
          "as": "D:B002JSC5Q8",
          "ia": "326015662",
          "is": "326016437",
          "sa": "5gksJ5mB2TLFIYJxgauBt6",
          "ss": "6UKL2Iq18YlJCbkX51KlR1",
        },
        "track": 12,
      },
    ],
    "artist": "Rhythms del Mundo & OneRepublic",
    "created": 2017-02-18T20:30:05.000Z,
    "currentUserTags": Array [],
    "danceRatings": Array [
      DanceRating {
        "currentUserTags": Array [],
        "danceId": "BOL",
        "tags": Array [],
        "weight": 2,
      },
      DanceRating {
        "currentUserTags": Array [],
        "danceId": "CHA",
        "tags": Array [
          Tag {
            "category": "Style",
            "count": 1,
            "value": "International",
          },
        ],
        "weight": 4,
      },
      DanceRating {
        "currentUserTags": Array [],
        "danceId": "RMB",
        "tags": Array [],
        "weight": 2,
      },
      DanceRating {
        "currentUserTags": Array [],
        "danceId": "LTN",
        "tags": Array [],
        "weight": 4,
      },
    ],
    "danceability": 0.699,
    "edited": 2018-10-05T12:36:20.000Z,
    "energy": 0.639,
    "length": 194,
    "modified": 2018-10-05T12:36:20.000Z,
    "modifiedBy": Array [
      ModifiedRecord {
        "isPseudo": false,
        "userName": "rhettbot",
      },
      ModifiedRecord {
        "isPseudo": false,
        "userName": "batch-a",
      },
      ModifiedRecord {
        "isPseudo": false,
        "userName": "batch-i",
      },
      ModifiedRecord {
        "isPseudo": false,
        "userName": "batch-s",
      },
      ModifiedRecord {
        "isPseudo": false,
        "userName": "batch",
      },
      ModifiedRecord {
        "isPseudo": false,
        "userName": "YaShengLin",
      },
      ModifiedRecord {
        "isPseudo": false,
        "like": true,
        "userName": "GlennTrewitt",
      },
    ],
    "sample": "https://p.scdn.co/mp3-preview/096ccaf19b6678f6702d63cb92acdf1832175ac2?cid=***REMOVED***",
    "songId": "5100fec1-8a92-4e63-8daf-85454fc477c9",
    "tags": Array [
      Tag {
        "category": "Tempo",
        "count": 1,
        "value": "4/4",
      },
      Tag {
        "category": "Dance",
        "count": 1,
        "value": "Bolero",
      },
      Tag {
        "category": "Dance",
        "count": 2,
        "value": "Cha Cha",
      },
      Tag {
        "category": "Music",
        "count": 2,
        "value": "Pop",
      },
      Tag {
        "category": "Dance",
        "count": 1,
        "value": "Rumba",
      },
    ],
    "tempo": 98,
    "title": "For What It's Worth",
    "valence": 0.931,
  },
  Song {
    "albums": Array [
      AlbumDetails {
        "name": "Havana",
        "purchase": PurchaseEncoded {
          "aa": "D:B074HFF77K",
          "as": "D:B074HD11VR",
          "ia": "1266716082",
          "is": "1266716155",
          "sa": "5chBPOVY2I0bG5V3igb5QL",
          "ss": "0ofbQMrRDsUaVKq2mGLEAb",
        },
        "track": 1,
      },
      AlbumDetails {
        "name": "Camila",
        "purchase": PurchaseEncoded {
          "aa": "D:B077XTDTRY",
          "as": "D:B077XPVT72",
          "ia": "1321216767",
          "is": "1321217032",
          "sa": "2vD3zSQr8hNlg0obNel4TE",
          "ss": "1rfofaqEpACxVEHIZBJe6W",
        },
        "track": 4,
      },
      AlbumDetails {
        "name": "New Year's Eve (NYE 2018/2019)",
        "purchase": PurchaseEncoded {
          "ia": "1445215329",
          "is": "1445215788",
          "sa": "6iE4f7SmNoKRqm5yQBwyPl",
          "ss": "3KrdXYHIv0fikr5qKOxRAq",
        },
        "track": 9,
      },
    ],
    "artist": "Camila Cabello",
    "created": 2017-09-10T23:14:01.000Z,
    "currentUserTags": Array [],
    "danceRatings": Array [
      DanceRating {
        "currentUserTags": Array [],
        "danceId": "RMB",
        "tags": Array [
          Tag {
            "category": "Style",
            "count": 1,
            "value": "American",
          },
          Tag {
            "category": "Tempo",
            "count": 1,
            "value": "Slow",
          },
          Tag {
            "category": "Style",
            "count": 1,
            "value": "Social",
          },
        ],
        "weight": 6,
      },
      DanceRating {
        "currentUserTags": Array [],
        "danceId": "LTN",
        "tags": Array [],
        "weight": 4,
      },
      DanceRating {
        "currentUserTags": Array [],
        "danceId": "ATN",
        "tags": Array [
          Tag {
            "category": "Other",
            "count": 1,
            "value": "Alan",
          },
          Tag {
            "category": "Other",
            "count": 1,
            "value": "Debbie",
          },
        ],
        "weight": 1,
      },
      DanceRating {
        "currentUserTags": Array [],
        "danceId": "TNG",
        "tags": Array [],
        "weight": 1,
      },
      DanceRating {
        "currentUserTags": Array [],
        "danceId": "CHA",
        "tags": Array [],
        "weight": 4,
      },
      DanceRating {
        "currentUserTags": Array [],
        "danceId": "BOL",
        "tags": Array [],
        "weight": 2,
      },
      DanceRating {
        "currentUserTags": Array [],
        "danceId": "CMB",
        "tags": Array [],
        "weight": 2,
      },
      DanceRating {
        "currentUserTags": Array [],
        "danceId": "WCS",
        "tags": Array [],
        "weight": 4,
      },
      DanceRating {
        "currentUserTags": Array [],
        "danceId": "SWG",
        "tags": Array [],
        "weight": 2,
      },
    ],
    "danceability": 0.768,
    "edited": 2020-12-19T22:52:41.000Z,
    "energy": 0.517,
    "length": 217,
    "modified": 2020-12-19T22:52:41.000Z,
    "modifiedBy": Array [
      ModifiedRecord {
        "isPseudo": false,
        "userName": "DanielLibatique",
      },
      ModifiedRecord {
        "isPseudo": false,
        "userName": "batch-a",
      },
      ModifiedRecord {
        "isPseudo": false,
        "userName": "batch-i",
      },
      ModifiedRecord {
        "isPseudo": false,
        "userName": "batch-e",
      },
      ModifiedRecord {
        "isPseudo": false,
        "userName": "dwts",
      },
      ModifiedRecord {
        "isPseudo": false,
        "userName": "RebeccaOrrison",
      },
      ModifiedRecord {
        "isPseudo": false,
        "userName": "dgsnure",
      },
      ModifiedRecord {
        "isPseudo": false,
        "like": true,
        "userName": "administrator",
      },
      ModifiedRecord {
        "isPseudo": false,
        "userName": "RobBall",
      },
      ModifiedRecord {
        "isPseudo": false,
        "userName": "batch-s",
      },
      ModifiedRecord {
        "isPseudo": false,
        "userName": "spotify",
      },
      ModifiedRecord {
        "isPseudo": false,
        "like": true,
        "userName": "rbexit",
      },
      ModifiedRecord {
        "isPseudo": false,
        "userName": "StephanieLienPham",
      },
      ModifiedRecord {
        "isPseudo": false,
        "userName": "LizaMay",
      },
    ],
    "sample": "https://p.scdn.co/mp3-preview/663b794c2fc8da8f9bbe33698cb1bac567126a23?cid=***REMOVED***",
    "songId": "bf1d9a52-b28c-4de8-a5c8-752e6f4658a0",
    "tags": Array [
      Tag {
        "category": "Dance",
        "count": 1,
        "value": "!Argentine Tango",
      },
      Tag {
        "category": "Other",
        "count": 1,
        "value": "2010S",
      },
      Tag {
        "category": "Other",
        "count": 1,
        "value": "2017",
      },
      Tag {
        "category": "Tempo",
        "count": 2,
        "value": "4/4",
      },
      Tag {
        "category": "Dance",
        "count": 1,
        "value": "Argentine Tango",
      },
      Tag {
        "category": "Music",
        "count": 1,
        "value": "Atl Hip Hop",
      },
      Tag {
        "category": "Music",
        "count": 1,
        "value": "Atl Trap",
      },
      Tag {
        "category": "Dance",
        "count": 1,
        "value": "Bolero",
      },
      Tag {
        "category": "Dance",
        "count": 2,
        "value": "Cha Cha",
      },
      Tag {
        "category": "Dance",
        "count": 1,
        "value": "Cumbia",
      },
      Tag {
        "category": "Music",
        "count": 1,
        "value": "Dance Pop",
      },
      Tag {
        "category": "Other",
        "count": 1,
        "value": "DWTS",
      },
      Tag {
        "category": "Music",
        "count": 1,
        "value": "Electropop",
      },
      Tag {
        "category": "Other",
        "count": 1,
        "value": "Episode 2",
      },
      Tag {
        "category": "Music",
        "count": 1,
        "value": "Gangster Rap",
      },
      Tag {
        "category": "Other",
        "count": 1,
        "value": "Halloween",
      },
      Tag {
        "category": "Other",
        "count": 1,
        "value": "Holiday",
      },
      Tag {
        "category": "Music",
        "count": 1,
        "value": "Melodic Rap",
      },
      Tag {
        "category": "Music",
        "count": 1,
        "value": "Pop Dance",
      },
      Tag {
        "category": "Music",
        "count": 1,
        "value": "Pop Rap",
      },
      Tag {
        "category": "Music",
        "count": 4,
        "value": "Pop",
      },
      Tag {
        "category": "Music",
        "count": 1,
        "value": "Post Teen Pop",
      },
      Tag {
        "category": "Music",
        "count": 1,
        "value": "Rap",
      },
      Tag {
        "category": "Dance",
        "count": 3,
        "value": "Rumba",
      },
      Tag {
        "category": "Other",
        "count": 1,
        "value": "Season 25",
      },
      Tag {
        "category": "Other",
        "count": 1,
        "value": "Teen",
      },
      Tag {
        "category": "Music",
        "count": 1,
        "value": "Trap",
      },
      Tag {
        "category": "Other",
        "count": 1,
        "value": "United States",
      },
      Tag {
        "category": "Dance",
        "count": 2,
        "value": "West Coast Swing",
      },
    ],
    "tempo": 105,
    "title": "Havana",
    "valence": 0.418,
  },
  Song {
    "albums": Array [
      AlbumDetails {
        "name": "The Ultimate Latin Album 10",
        "purchase": PurchaseEncoded {
          "sa": "7gGcnUEEQgIMV2JRwVQbrF",
          "ss": "7sapKrjDij2fpDVj0GxP66",
        },
        "track": 4,
      },
      AlbumDetails {
        "name": "Songs About Jane",
        "purchase": PurchaseEncoded {
          "aa": "D:B0085LETCG",
          "as": "D:B0085LEUU2",
          "ia": "1428782176",
          "is": "1428783696",
          "sa": "5zClcGCSWj926AMjvBNSLc",
          "ss": "4llK75pXNWZz6KAho2Gp16",
        },
        "track": 4,
      },
      AlbumDetails {
        "name": "Won't Go Home Without You",
        "purchase": PurchaseEncoded {
          "aa": "D:B0013TVUYC",
          "as": "D:B0013TNLC6",
          "ia": "1445283099",
          "is": "1445283225",
          "sa": "6dbuCjj3cjh1jyHogN0XtR",
          "ss": "0aoOzL2OjoBn7rg2YCu5um",
        },
        "track": 2,
      },
      AlbumDetails {
        "name": "Call And Response: The Remix Album",
        "purchase": PurchaseEncoded {
          "aa": "D:B001MEBO6C",
          "as": "D:B001MEBOLC",
          "ia": "1443614707",
          "is": "1443614905",
          "sa": "1btcxe4BlA1oqaBXQhd5zm",
          "ss": "7mbR1Mao73NCRI457H9zAC",
        },
        "track": 6,
      },
      AlbumDetails {
        "name": "The Collection",
        "purchase": PurchaseEncoded {
          "ia": "902135607",
          "is": "902135630",
        },
        "track": 4,
      },
      AlbumDetails {
        "name": "Aid Still Required",
        "purchase": PurchaseEncoded {
          "ia": "916893968",
          "is": "916894118",
        },
        "track": 2,
      },
      AlbumDetails {
        "name": "The 4400",
        "purchase": PurchaseEncoded {
          "ia": "308767400",
          "is": "308767406",
          "sa": "0VZoTCpCsqMnBNFqeIM9E1",
          "ss": "2XuMqgKcK2wJU2nmDACBFj",
        },
        "track": 6,
      },
      AlbumDetails {
        "name": "The Last Song",
        "purchase": PurchaseEncoded {
          "aa": "D:B0079QMPAG",
          "as": "D:B0079QMS2G",
          "ia": "1442890472",
          "is": "1442890821",
          "sa": "4LxtqUEjjoA3LvGEnyc7JN",
          "ss": "5dH4ODGDW7OsRdsDCKRs44",
        },
        "track": 10,
      },
      AlbumDetails {
        "name": "Be Positive",
        "purchase": PurchaseEncoded {
          "sa": "2nC3tntDcJGl1c54rTAEZV",
          "ss": "7sapKrjDij2fpDVj0GxP66",
        },
        "track": 9,
      },
      AlbumDetails {
        "name": "Songs About Love",
        "purchase": PurchaseEncoded {
          "sa": "2Bb4DoRXCqNBV3168xFmKG",
          "ss": "7sapKrjDij2fpDVj0GxP66",
        },
        "track": 16,
      },
      AlbumDetails {
        "name": "Kids Lullaby Pac",
        "purchase": PurchaseEncoded {
          "sa": "6XgwL0XlS6cOt3O6LbDA2t",
          "ss": "7sapKrjDij2fpDVj0GxP66",
        },
        "track": 8,
      },
      AlbumDetails {
        "name": "Ohne Dich ist alles doof",
        "purchase": PurchaseEncoded {
          "sa": "255UBt4Ck6mnzDnJPsHgEQ",
          "ss": "7sapKrjDij2fpDVj0GxP66",
        },
        "track": 12,
      },
      AlbumDetails {
        "name": "I Am In Love",
        "purchase": PurchaseEncoded {
          "sa": "2SVyvZMAwjNb6s9FDcbRg8",
          "ss": "7sapKrjDij2fpDVj0GxP66",
        },
        "track": 7,
      },
      AlbumDetails {
        "name": "I Am Pop",
        "purchase": PurchaseEncoded {
          "sa": "6Z0B1dJHV4sIfPcQQ3df4N",
          "ss": "7sapKrjDij2fpDVj0GxP66",
        },
        "track": 17,
      },
      AlbumDetails {
        "name": "Wake Up Call 5 Track EP",
        "purchase": PurchaseEncoded {
          "sa": "1omUSK9WJKjPFdJODJytxU",
          "ss": "7sapKrjDij2fpDVj0GxP66",
        },
        "track": 4,
      },
      AlbumDetails {
        "name": "Coldest Winter",
        "purchase": PurchaseEncoded {
          "ia": "1444378967",
          "is": "1444379327",
          "sa": "2G4BowCb2oGMU2bfCdiWLq",
          "ss": "6iGCzoSQekmnwht2O9BiiZ",
        },
        "track": 21,
      },
      AlbumDetails {
        "name": "Pop Nostalgia",
        "purchase": PurchaseEncoded {
          "ia": "1442958599",
          "is": "1442958606",
          "sa": "23dOSX3k9eTyyQIm6KHX52",
          "ss": "2yLy4mD9TIHOzHKn3gOhuw",
        },
        "track": 4,
      },
      AlbumDetails {
        "name": "00s Anthems",
        "purchase": PurchaseEncoded {
          "sa": "2gbaEKe5rqHNmatEWPoDUu",
          "ss": "0IGZylmMbKqXAEE8CHtaX8",
        },
        "track": 5,
      },
      AlbumDetails {
        "name": "2000's Nostalgia",
        "purchase": PurchaseEncoded {
          "sa": "0IpuHl2S3rACtra5VzOfFr",
          "ss": "4wWMZtROQqUDuLjowvX2MG",
        },
        "track": 28,
      },
      AlbumDetails {
        "name": "Sad Songs",
        "purchase": PurchaseEncoded {
          "sa": "4QmtbIwzjaSirBmJ5J9jjh",
          "ss": "2nzxJIuHf9iv07vTZutjQQ",
        },
        "track": 14,
      },
      AlbumDetails {
        "name": "00s Music",
        "purchase": PurchaseEncoded {
          "sa": "6xobTZNBbeDDHCXVqYgjNK",
          "ss": "38EgNVoeBZk7OqDgnX7RRE",
        },
        "track": 2,
      },
      AlbumDetails {
        "name": "Wedding Songs",
        "purchase": PurchaseEncoded {
          "sa": "7aT1WCgZO68FmEhULqwQNm",
          "ss": "4KY8lggEJXIFpLx6etvnF5",
        },
        "track": 13,
      },
      AlbumDetails {
        "name": "Nostalgia",
        "purchase": PurchaseEncoded {
          "sa": "3uZiPlIMf0TYM7LzDUnrNS",
          "ss": "6itDdISqowwgRf1t7YVacp",
        },
        "track": 26,
      },
      AlbumDetails {
        "name": "Roadtrip Hits",
        "purchase": PurchaseEncoded {
          "sa": "2g5XqE2hMjLdgFT2QBNK1h",
          "ss": "20v4ZTt1OVzKFkRjEFNEXw",
        },
        "track": 12,
      },
      AlbumDetails {
        "name": "2000's Pop Anthems",
        "purchase": PurchaseEncoded {
          "sa": "2uNkCnqVUIsnpgrkgwZ8QF",
          "ss": "3unLffDQDKfustmIxhVw9U",
        },
        "track": 33,
      },
      AlbumDetails {
        "name": "Wedding Hits 2020",
        "purchase": PurchaseEncoded {
          "sa": "5slxraAPeJWjwFoJJO2EYC",
          "ss": "6Q64QawnGR7LuDaQIv05hk",
        },
        "track": 16,
      },
      AlbumDetails {
        "name": "Sad Breakup Songs",
        "purchase": PurchaseEncoded {
          "sa": "0zuMgYXfap1J1Ix6HYxCWl",
          "ss": "5OXANFQfntpZ5eRwvN22a7",
        },
        "track": 18,
      },
      AlbumDetails {
        "name": "Holiday at Home",
        "purchase": PurchaseEncoded {
          "sa": "2Svs4IwMncMiXcgKDNyQV7",
          "ss": "0gMaOab4oPpXWZNXfjZP5k",
        },
        "track": 25,
      },
      AlbumDetails {
        "name": "First Dance Wedding Songs",
        "purchase": PurchaseEncoded {
          "sa": "7itpnpqFyFJDkkyZo1c2lL",
          "ss": "4WIT9ZqUGwegeZPbUUQFJS",
        },
        "track": 14,
      },
      AlbumDetails {
        "name": "Work From Home Bops",
        "purchase": PurchaseEncoded {
          "sa": "3JNw25C5jypnso2qkNd0XL",
          "ss": "63G5D4TCD8X8fG3mPoP28Q",
        },
        "track": 2,
      },
      AlbumDetails {
        "name": "Летняя дискотека",
        "purchase": PurchaseEncoded {
          "sa": "5p9pnNUWhI6KBGU7Szj6QU",
          "ss": "1707wvcYw7jNFbwMwBnoNV",
        },
        "track": 23,
      },
      AlbumDetails {
        "name": "Steamy Summer Sound Waves",
        "purchase": PurchaseEncoded {
          "sa": "5tWG5yUhXjLRYtIhxz3n7H",
          "ss": "4onYXdBNWF8vSoKAiKF9IY",
        },
        "track": 28,
      },
      AlbumDetails {
        "name": "Love Song Classics",
        "purchase": PurchaseEncoded {
          "sa": "2ieZut1cgP3lPfHSrwn7DU",
          "ss": "1Gkstaf4YxlimwaIawjI4B",
        },
        "track": 7,
      },
      AlbumDetails {
        "name": "Summer Sound Waves 2020 Sweden",
        "purchase": PurchaseEncoded {
          "sa": "4tfyIG0X1VGU9vkfR9KCXm",
          "ss": "51yMPp8lseKdYBeG0aEIQh",
        },
        "track": 28,
      },
      AlbumDetails {
        "name": "00s Summer Party",
        "purchase": PurchaseEncoded {
          "sa": "5HiVlBECqKD3l3P5OftEHi",
          "ss": "3imih84GUdf7Knipiyvk0w",
        },
        "track": 9,
      },
      AlbumDetails {
        "name": "Romantic Pop Songs",
        "purchase": PurchaseEncoded {
          "sa": "74jDw6TsdKnT92V790QfvF",
          "ss": "3xLEURGjvCPWsP64dXQZQZ",
        },
        "track": 5,
      },
      AlbumDetails {
        "name": "Outside is Free",
        "purchase": PurchaseEncoded {
          "sa": "0EXzPndBbP0Gcgh9fgGqiQ",
          "ss": "0VtlWb6oe34KfcZevsdNIo",
        },
        "track": 11,
      },
      AlbumDetails {
        "name": "Relaxed Alternative",
        "purchase": PurchaseEncoded {
          "sa": "6FDBJC9idramvne2XccpGI",
          "ss": "314PmLbkLoCC9BiAgtFL9S",
        },
        "track": 17,
      },
      AlbumDetails {
        "name": "Saturday Chill",
        "purchase": PurchaseEncoded {
          "ia": "1543442169",
          "is": "1543442187",
        },
        "track": 3,
      },
      AlbumDetails {
        "name": "Everlasting Love",
        "purchase": PurchaseEncoded {
          "ia": "1541888039",
          "is": "1541888506",
          "sa": "2isi2SRfyDUHHiDwWx5qnJ",
          "ss": "5vLBmCmrfSCCEckTolT0CT",
        },
        "track": 22,
      },
      AlbumDetails {
        "name": "Driving Singalongs",
        "purchase": PurchaseEncoded {
          "ia": "1538211460",
          "is": "1538211485",
        },
        "track": 17,
      },
      AlbumDetails {
        "name": "Wedding 2020",
        "purchase": PurchaseEncoded {
          "ia": "1533128223",
          "is": "1533128365",
        },
        "track": 10,
      },
      AlbumDetails {
        "name": "Shower Concert",
        "purchase": PurchaseEncoded {
          "ia": "1540378376",
          "is": "1540378561",
          "sa": "7eYLFKe6Q4h8u5VprMPcb9",
          "ss": "0EhkgXRIkac0biwl1pgGXo",
        },
        "track": 12,
      },
      AlbumDetails {
        "name": "Viral Hits Volume 1",
        "purchase": PurchaseEncoded {
          "sa": "19ziLGUdSx7l3QxPoTgKxY",
          "ss": "1WpcGVrz8BXMIyuQC37Zws",
        },
        "track": 83,
      },
      AlbumDetails {
        "name": "Autumn 2020",
        "purchase": PurchaseEncoded {
          "sa": "1kjxnWjJHoWG3fRsBMl6m3",
          "ss": "0fb1jVsREKNr0XmkWtnPr3",
        },
        "track": 22,
      },
      AlbumDetails {
        "name": "Summer Love Songs",
        "purchase": PurchaseEncoded {
          "sa": "0XoasDZImFXqssN8pyV33H",
          "ss": "1NnUPzWG3KFR2ZbP2zjtFS",
        },
        "track": 10,
      },
      AlbumDetails {
        "name": "Per sempre canzoni d'amore",
        "purchase": PurchaseEncoded {
          "sa": "0qELaGgrnd79s152pLX6ph",
          "ss": "7EFIWXZSKzPwhnjPpwZQs3",
        },
        "track": 12,
      },
      AlbumDetails {
        "name": "2000s Songs",
        "purchase": PurchaseEncoded {
          "sa": "0HvKpKZAJYcvfdKoD8UIoE",
          "ss": "1ZXMLajNOxUHnSZKleNRg0",
        },
        "track": 7,
      },
    ],
    "artist": "Maroon 5",
    "created": 2014-03-18T00:44:31.000Z,
    "currentUserTags": Array [
      Tag {
        "category": "Dance",
        "count": 1,
        "value": "Rumba",
      },
    ],
    "danceRatings": Array [
      DanceRating {
        "currentUserTags": Array [],
        "danceId": "RMB",
        "tags": Array [
          Tag {
            "category": "Style",
            "count": 1,
            "value": "American",
          },
          Tag {
            "category": "Style",
            "count": 2,
            "value": "International",
          },
          Tag {
            "category": "Tempo",
            "count": 2,
            "value": "Slow",
          },
          Tag {
            "category": "Style",
            "count": 1,
            "value": "Social",
          },
        ],
        "weight": 15,
      },
      DanceRating {
        "currentUserTags": Array [],
        "danceId": "NC2",
        "tags": Array [],
        "weight": 2,
      },
      DanceRating {
        "currentUserTags": Array [],
        "danceId": "SLS",
        "tags": Array [],
        "weight": 2,
      },
      DanceRating {
        "currentUserTags": Array [],
        "danceId": "LTN",
        "tags": Array [],
        "weight": 9,
      },
      DanceRating {
        "currentUserTags": Array [],
        "danceId": "CHA",
        "tags": Array [],
        "weight": 2,
      },
      DanceRating {
        "currentUserTags": Array [],
        "danceId": "WCS",
        "tags": Array [
          Tag {
            "category": "Style",
            "count": 1,
            "value": "Modern",
          },
        ],
        "weight": 4,
      },
      DanceRating {
        "currentUserTags": Array [],
        "danceId": "BOL",
        "tags": Array [],
        "weight": 2,
      },
      DanceRating {
        "currentUserTags": Array [],
        "danceId": "SWG",
        "tags": Array [],
        "weight": 1,
      },
    ],
    "danceability": 0.706,
    "edited": 2020-12-19T03:43:27.000Z,
    "energy": 0.713,
    "length": 257,
    "modified": 2020-12-19T03:43:27.000Z,
    "modifiedBy": Array [
      ModifiedRecord {
        "isPseudo": false,
        "userName": "HunterZ",
      },
      ModifiedRecord {
        "isPseudo": false,
        "userName": "batch",
      },
      ModifiedRecord {
        "isPseudo": false,
        "userName": "JuliaS",
      },
      ModifiedRecord {
        "isPseudo": false,
        "userName": "batch-a",
      },
      ModifiedRecord {
        "isPseudo": false,
        "userName": "batch-i",
      },
      ModifiedRecord {
        "isPseudo": false,
        "userName": "batch-x",
      },
      ModifiedRecord {
        "isPseudo": false,
        "userName": "batch-s",
      },
      ModifiedRecord {
        "isPseudo": false,
        "userName": "AdamT",
      },
      ModifiedRecord {
        "isPseudo": false,
        "userName": "DanielQ",
      },
      ModifiedRecord {
        "isPseudo": false,
        "userName": "KaiteW",
      },
      ModifiedRecord {
        "isPseudo": false,
        "userName": "batch-e",
      },
      ModifiedRecord {
        "isPseudo": false,
        "like": true,
        "userName": "girlwonder",
      },
      ModifiedRecord {
        "isPseudo": false,
        "userName": "rhettbot",
      },
      ModifiedRecord {
        "isPseudo": false,
        "userName": "TimKenny",
      },
      ModifiedRecord {
        "isPseudo": false,
        "like": true,
        "userName": "RachelFatica",
      },
      ModifiedRecord {
        "isPseudo": false,
        "userName": "spotify",
      },
      ModifiedRecord {
        "isPseudo": false,
        "userName": "BatesBallroom",
      },
      ModifiedRecord {
        "isPseudo": false,
        "like": true,
        "userName": "jedirahl",
      },
      ModifiedRecord {
        "isPseudo": false,
        "userName": "RobBall",
      },
      ModifiedRecord {
        "isPseudo": false,
        "like": true,
        "userName": "dwgray",
      },
      ModifiedRecord {
        "isPseudo": false,
        "userName": "LizaMay",
      },
    ],
    "sample": ".",
    "songId": "3e770d69-549a-4293-a38c-82686dc779a3",
    "tags": Array [
      Tag {
        "category": "Other",
        "count": 1,
        "value": "2000S",
      },
      Tag {
        "category": "Tempo",
        "count": 1,
        "value": "4/4",
      },
      Tag {
        "category": "Music",
        "count": 1,
        "value": "Adult Contemporary",
      },
      Tag {
        "category": "Music",
        "count": 1,
        "value": "Alternative",
      },
      Tag {
        "category": "Other",
        "count": 1,
        "value": "Ballad",
      },
      Tag {
        "category": "Dance",
        "count": 1,
        "value": "Bolero",
      },
      Tag {
        "category": "Dance",
        "count": 1,
        "value": "Cha Cha",
      },
      Tag {
        "category": "Other",
        "count": 1,
        "value": "First Dance",
      },
      Tag {
        "category": "Dance",
        "count": 1,
        "value": "Night Club Two Step",
      },
      Tag {
        "category": "Music",
        "count": 1,
        "value": "Pop Rock",
      },
      Tag {
        "category": "Music",
        "count": 5,
        "value": "Pop",
      },
      Tag {
        "category": "Music",
        "count": 1,
        "value": "Rock",
      },
      Tag {
        "category": "Dance",
        "count": 8,
        "value": "Rumba",
      },
      Tag {
        "category": "Dance",
        "count": 1,
        "value": "Salsa",
      },
      Tag {
        "category": "Music",
        "count": 2,
        "value": "Soundtrack",
      },
      Tag {
        "category": "Music",
        "count": 1,
        "value": "Vocal",
      },
      Tag {
        "category": "Other",
        "count": 1,
        "value": "Wedding",
      },
      Tag {
        "category": "Dance",
        "count": 2,
        "value": "West Coast Swing",
      },
    ],
    "tempo": 102,
    "title": "She Will Be Loved",
    "valence": 0.544,
  },
  Song {
    "albums": Array [
      AlbumDetails {
        "name": "Latin Mix 2",
        "purchase": PurchaseEncoded {
          "sa": "5qKhpOCkPRF0rLhzxtpUaS",
          "ss": "0B9Tp3mEGR1mDDkAm1m21o",
        },
        "track": 11,
      },
      AlbumDetails {
        "name": "Eclipse",
        "purchase": PurchaseEncoded {
          "ia": "298547884",
          "is": "298548069",
          "sa": "5qKhpOCkPRF0rLhzxtpUaS",
          "ss": "0B9Tp3mEGR1mDDkAm1m21o",
        },
        "track": 3,
      },
    ],
    "artist": "Marcela Morelo",
    "created": 2014-03-18T00:43:35.000Z,
    "currentUserTags": Array [],
    "danceRatings": Array [
      DanceRating {
        "currentUserTags": Array [],
        "danceId": "BOL",
        "tags": Array [],
        "weight": 4,
      },
      DanceRating {
        "currentUserTags": Array [],
        "danceId": "LTN",
        "tags": Array [],
        "weight": 6,
      },
      DanceRating {
        "currentUserTags": Array [],
        "danceId": "HST",
        "tags": Array [],
        "weight": 2,
      },
      DanceRating {
        "currentUserTags": Array [],
        "danceId": "CHA",
        "tags": Array [],
        "weight": 2,
      },
      DanceRating {
        "currentUserTags": Array [],
        "danceId": "WCS",
        "tags": Array [],
        "weight": 2,
      },
      DanceRating {
        "currentUserTags": Array [],
        "danceId": "RMB",
        "tags": Array [
          Tag {
            "category": "Style",
            "count": 2,
            "value": "International",
          },
        ],
        "weight": 4,
      },
      DanceRating {
        "currentUserTags": Array [],
        "danceId": "SWG",
        "tags": Array [],
        "weight": 2,
      },
    ],
    "danceability": 0.5742542,
    "edited": 2018-06-25T06:35:14.000Z,
    "energy": 0.4776958,
    "length": 225,
    "modified": 2018-06-25T06:35:14.000Z,
    "modifiedBy": Array [
      ModifiedRecord {
        "isPseudo": false,
        "userName": "HunterZ",
      },
      ModifiedRecord {
        "isPseudo": false,
        "userName": "batch",
      },
      ModifiedRecord {
        "isPseudo": false,
        "userName": "batch-i",
      },
      ModifiedRecord {
        "isPseudo": false,
        "userName": "batch-x",
      },
      ModifiedRecord {
        "isPseudo": false,
        "userName": "batch-s",
      },
      ModifiedRecord {
        "isPseudo": false,
        "userName": "batch-e",
      },
      ModifiedRecord {
        "isPseudo": false,
        "userName": "rhettbot",
      },
      ModifiedRecord {
        "isPseudo": false,
        "userName": "YaShengLin",
      },
    ],
    "sample": "https://p.scdn.co/mp3-preview/918b2fb95226a6863dd8d221108de614921cfb35",
    "songId": "9a3192b9-3503-4833-bf66-704871ebda7b",
    "tags": Array [
      Tag {
        "category": "Tempo",
        "count": 1,
        "value": "4/4",
      },
      Tag {
        "category": "Dance",
        "count": 2,
        "value": "Bolero",
      },
      Tag {
        "category": "Dance",
        "count": 1,
        "value": "Cha Cha",
      },
      Tag {
        "category": "Dance",
        "count": 1,
        "value": "Hustle",
      },
      Tag {
        "category": "Music",
        "count": 2,
        "value": "Pop Latino",
      },
      Tag {
        "category": "Music",
        "count": 1,
        "value": "Pop",
      },
      Tag {
        "category": "Dance",
        "count": 2,
        "value": "Rumba",
      },
      Tag {
        "category": "Dance",
        "count": 1,
        "value": "West Coast Swing",
      },
    ],
    "tempo": 85,
    "title": "Tormento De Amor",
    "valence": 0.2744299,
  },
  Song {
    "albums": Array [
      AlbumDetails {
        "name": "The Bridge",
        "purchase": PurchaseEncoded {
          "aa": "D:B07B9W3KRF",
          "as": "D:B07BQPQDHP",
          "ia": "1443462434",
          "is": "1443462452",
          "sa": "2DiASz0Ly9eMWFO49C5h6E",
          "ss": "7GO44gFgC31MsSAdy0fagO",
        },
        "track": 1,
      },
      AlbumDetails {
        "name": "Give It To Me Right",
        "purchase": PurchaseEncoded {
          "sa": "6bwIYGxno5k7LpsPwkI2Hs",
          "ss": "51nhSIsg5G8hjhV4kja0Oz",
        },
        "track": 1,
      },
      AlbumDetails {
        "name": "Modern Soul vol. 2 - Radio Monte Carlo",
        "purchase": PurchaseEncoded {
          "sa": "0TbGKyW6PcmE8xEZzLAKkZ",
          "ss": "51nhSIsg5G8hjhV4kja0Oz",
        },
        "track": 13,
      },
      AlbumDetails {
        "name": "00s Soul",
        "purchase": PurchaseEncoded {
          "sa": "3VkbWApaBik1JL9IV98mAB",
          "ss": "2Fbham7xjjpl5vvQ8vVbG4",
        },
        "track": 20,
      },
    ],
    "artist": "Melanie Fiona",
    "created": 2014-03-18T00:45:49.000Z,
    "currentUserTags": Array [],
    "danceRatings": Array [
      DanceRating {
        "currentUserTags": Array [],
        "danceId": "WCS",
        "tags": Array [
          Tag {
            "category": "Style",
            "count": 1,
            "value": "Modern",
          },
        ],
        "weight": 8,
      },
      DanceRating {
        "currentUserTags": Array [],
        "danceId": "BOL",
        "tags": Array [],
        "weight": 2,
      },
      DanceRating {
        "currentUserTags": Array [],
        "danceId": "LTN",
        "tags": Array [],
        "weight": 7,
      },
      DanceRating {
        "currentUserTags": Array [],
        "danceId": "SWG",
        "tags": Array [],
        "weight": 4,
      },
      DanceRating {
        "currentUserTags": Array [],
        "danceId": "CHA",
        "tags": Array [],
        "weight": 2,
      },
      DanceRating {
        "currentUserTags": Array [],
        "danceId": "CSG",
        "tags": Array [],
        "weight": 1,
      },
      DanceRating {
        "currentUserTags": Array [],
        "danceId": "HST",
        "tags": Array [],
        "weight": 1,
      },
      DanceRating {
        "currentUserTags": Array [],
        "danceId": "LHP",
        "tags": Array [],
        "weight": 1,
      },
      DanceRating {
        "currentUserTags": Array [],
        "danceId": "RMB",
        "tags": Array [
          Tag {
            "category": "Style",
            "count": 4,
            "value": "American",
          },
        ],
        "weight": 8,
      },
    ],
    "danceability": 0.725,
    "edited": 2020-12-19T03:43:51.000Z,
    "energy": 0.666,
    "length": 220,
    "modified": 2020-12-19T03:43:51.000Z,
    "modifiedBy": Array [
      ModifiedRecord {
        "isPseudo": false,
        "userName": "HunterZ",
      },
      ModifiedRecord {
        "isPseudo": false,
        "userName": "batch",
      },
      ModifiedRecord {
        "isPseudo": false,
        "userName": "JuliaS",
      },
      ModifiedRecord {
        "isPseudo": false,
        "userName": "batch-a",
      },
      ModifiedRecord {
        "isPseudo": false,
        "userName": "batch-i",
      },
      ModifiedRecord {
        "isPseudo": false,
        "userName": "batch-x",
      },
      ModifiedRecord {
        "isPseudo": false,
        "userName": "batch-s",
      },
      ModifiedRecord {
        "isPseudo": false,
        "userName": "KaiteW",
      },
      ModifiedRecord {
        "isPseudo": false,
        "userName": "ohdwg",
      },
      ModifiedRecord {
        "isPseudo": false,
        "userName": "batch-e",
      },
      ModifiedRecord {
        "isPseudo": false,
        "like": true,
        "userName": "pjyoung2013",
      },
      ModifiedRecord {
        "isPseudo": false,
        "userName": "rhettbot",
      },
      ModifiedRecord {
        "isPseudo": false,
        "userName": "BrittanyFalconer",
      },
      ModifiedRecord {
        "isPseudo": false,
        "userName": "DanielLibatique",
      },
      ModifiedRecord {
        "isPseudo": false,
        "userName": "BatesBallroom",
      },
      ModifiedRecord {
        "isPseudo": false,
        "userName": "LizaMay",
      },
    ],
    "sample": ".",
    "songId": "8c2c7cc4-44bf-4111-a479-a28d4804af6c",
    "tags": Array [
      Tag {
        "category": "Tempo",
        "count": 1,
        "value": "4/4",
      },
      Tag {
        "category": "Dance",
        "count": 1,
        "value": "Bolero",
      },
      Tag {
        "category": "Music",
        "count": 1,
        "value": "Canadian Pop",
      },
      Tag {
        "category": "Dance",
        "count": 1,
        "value": "Cha Cha",
      },
      Tag {
        "category": "Music",
        "count": 1,
        "value": "Dance Pop",
      },
      Tag {
        "category": "Music",
        "count": 1,
        "value": "Hip Hop/Rap",
      },
      Tag {
        "category": "Music",
        "count": 1,
        "value": "Hip Pop",
      },
      Tag {
        "category": "Music",
        "count": 1,
        "value": "Neo Soul",
      },
      Tag {
        "category": "Music",
        "count": 1,
        "value": "Pop R&B",
      },
      Tag {
        "category": "Music",
        "count": 1,
        "value": "Pop",
      },
      Tag {
        "category": "Music",
        "count": 3,
        "value": "R&B / Soul",
      },
      Tag {
        "category": "Music",
        "count": 1,
        "value": "R&B",
      },
      Tag {
        "category": "Music",
        "count": 1,
        "value": "Rhythm And Blues",
      },
      Tag {
        "category": "Dance",
        "count": 4,
        "value": "Rumba",
      },
      Tag {
        "category": "Music",
        "count": 1,
        "value": "Urban Contemporary",
      },
      Tag {
        "category": "Dance",
        "count": 4,
        "value": "West Coast Swing",
      },
    ],
    "tempo": 116.3,
    "title": "Give It To Me Right",
    "valence": 0.8,
  },
  Song {
    "albums": Array [
      AlbumDetails {
        "name": "Pornograffitti",
        "purchase": PurchaseEncoded {
          "ia": "106831",
          "is": "106819",
          "sa": "7DKHQxJTI32UyCdDdGwvRC",
          "ss": "1gVgkQFOKa8Wc1HYsJtPdH",
        },
        "track": 8,
      },
      AlbumDetails {
        "name": "The Best Of Extreme - An Accidental Collision Of Atoms",
        "purchase": PurchaseEncoded {
          "aa": "D:B001NYVZY2",
          "as": "D:B001NYW09G",
          "ia": "1444011339",
          "is": "1444011599",
          "sa": "3vBA3QLXDDOJWPzvNBucTa",
          "ss": "7yEMl43SZPiV3NeGPgGIH1",
        },
        "track": 8,
      },
      AlbumDetails {
        "name": "Heart of Metal",
        "purchase": PurchaseEncoded {
          "aa": "D:B001O4SECW",
          "as": "D:B001O4O1SS",
          "ia": "6271313",
          "is": "6271223",
        },
        "track": 5,
      },
      AlbumDetails {
        "name": "20th Century Masters: The Millennium Collection: Best Of Extreme",
        "purchase": PurchaseEncoded {
          "aa": "D:B001NYVXWQ",
          "as": "D:B001NYPTTE",
          "sa": "3xYkhkrNNLDoQxkzC3yAtb",
          "ss": "3i33Pt5dZYgN7oxCl2Xtma",
        },
        "track": 3,
      },
      AlbumDetails {
        "name": "Extreme II - Pornograffitti",
        "purchase": PurchaseEncoded {
          "aa": "D:B00S27TE1E",
          "as": "D:B00S27TJSC",
          "ia": "1443117887",
          "is": "1443117899",
          "sa": "4bQ3DhbAEU6zhWFRhDNF3r",
          "ss": "58c8pMaXi3xdpBIVfG6WGC",
        },
        "track": 5,
      },
      AlbumDetails {
        "name": "Radio Waves of the '90s: Pop Hits",
        "purchase": PurchaseEncoded {
          "aa": "D:B003E7HUKO",
          "as": "D:B003E7NTUY",
          "ia": "1509082001",
          "is": "1509082008",
          "sa": "2na3fS7r06IGua9sGMpCun",
          "ss": "3TG1IxULsBW6bSE19euSVi",
        },
        "track": 4,
      },
      AlbumDetails {
        "name": "NOW That's What I Call the 90's",
        "purchase": PurchaseEncoded {
          "ia": "716374900",
          "is": "716375101",
        },
        "track": 6,
      },
      AlbumDetails {
        "name": "Number 1's: Love Songs",
        "purchase": PurchaseEncoded {
          "ia": "250037842",
          "is": "250037932",
        },
        "track": 13,
      },
      AlbumDetails {
        "name": "Power Ballads Gold",
        "purchase": PurchaseEncoded {},
        "track": 11,
      },
      AlbumDetails {
        "name": "Whatever: Hits of the '90s",
        "purchase": PurchaseEncoded {
          "ia": "412255545",
          "is": "412255702",
        },
        "track": 53,
      },
      AlbumDetails {
        "name": "Whatever: Pop Hits of the '90s",
        "purchase": PurchaseEncoded {
          "ia": "412284244",
          "is": "412284251",
        },
        "track": 6,
      },
      AlbumDetails {
        "name": "20th Century Masters - The Millennium Collection: The Best Of Extreme",
        "purchase": PurchaseEncoded {
          "ia": "1444101700",
          "is": "1444102102",
        },
        "track": 3,
      },
      AlbumDetails {
        "name": "Love Songs Number 1's",
        "purchase": PurchaseEncoded {
          "aa": "D:B001NYRY5G",
          "as": "D:B001NYRYHY",
          "ia": "1445094266",
          "is": "1445094922",
          "sa": "07hJEr8hE8COShdQlc35HJ",
          "ss": "63wdmrdVBV7w8tGhAf1A6J",
        },
        "track": 13,
      },
      AlbumDetails {
        "name": "100 Essential Love Songs",
        "purchase": PurchaseEncoded {
          "sa": "3UgnOTcOt4JlplBn3eL82v",
          "ss": "1gVgkQFOKa8Wc1HYsJtPdH",
        },
        "track": 2011,
      },
      AlbumDetails {
        "name": "Old Skool Of Rock",
        "purchase": PurchaseEncoded {
          "sa": "35LnYSwPbgGPQSXNTjpOO8",
          "ss": "1gVgkQFOKa8Wc1HYsJtPdH",
        },
        "track": 2012,
      },
      AlbumDetails {
        "name": "In Love",
        "purchase": PurchaseEncoded {
          "sa": "6W19kfpXNfXDrMvoPZzOI1",
          "ss": "1gVgkQFOKa8Wc1HYsJtPdH",
        },
        "track": 3,
      },
      AlbumDetails {
        "name": "This Is The Sound Of...Love",
        "purchase": PurchaseEncoded {
          "sa": "3GJNL6p6lb0VmpSDLe46ae",
          "ss": "1gVgkQFOKa8Wc1HYsJtPdH",
        },
        "track": 2006,
      },
      AlbumDetails {
        "name": "Love Songs #1's",
        "purchase": PurchaseEncoded {
          "sa": "5rF59lH6ndvr1fzfWDX9vO",
          "ss": "1gVgkQFOKa8Wc1HYsJtPdH",
        },
        "track": 13,
      },
      AlbumDetails {
        "name": "100 90s",
        "purchase": PurchaseEncoded {
          "sa": "7fSorwtbHdrWMmF1zK1tKa",
          "ss": "1gVgkQFOKa8Wc1HYsJtPdH",
        },
        "track": 17,
      },
      AlbumDetails {
        "name": "Timeless Love Songs",
        "purchase": PurchaseEncoded {
          "aa": "D:B079QKB5DY",
          "as": "D:B079QL3V48",
          "ia": "1445662556",
          "is": "1445662717",
          "sa": "3FaedZvIHccbFe6mentRD2",
          "ss": "39bEZUNhHNNcdbEQw3ysaA",
        },
        "track": 10,
      },
      AlbumDetails {
        "name": "20 #1's: Power Ballads",
        "purchase": PurchaseEncoded {
          "aa": "D:B0728C58NL",
          "as": "D:B071P35QWV",
          "ia": "1440894307",
          "is": "1440895503",
          "sa": "5g6pcqN8amDDqSu18Nx0UG",
          "ss": "5BPWlBVuJIvHYAmp0QaAga",
        },
        "track": 20,
      },
      AlbumDetails {
        "name": "20 #1’s: 90s [Explicit]",
        "purchase": PurchaseEncoded {
          "aa": "D:B01LYSVJK3",
          "as": "D:B01LX6ACE1",
          "ia": "1457748951",
          "is": "1457749528",
          "sa": "5KzBXh8kIwV0mUDnqlBQy3",
          "ss": "0javPhXkE0ekb14yZuvGXl",
        },
        "track": 13,
      },
      AlbumDetails {
        "name": "Hair Metal",
        "purchase": PurchaseEncoded {
          "aa": "D:B07GHT9WVN",
          "as": "D:B07GHYCCXY",
          "sa": "0Z34GLCPYWYe1QVcefm45H",
          "ss": "03fes0N1sif6SvW6yiqWLU",
        },
        "track": 11,
      },
      AlbumDetails {
        "name": "Classic Power Ballads",
        "purchase": PurchaseEncoded {
          "ia": "1445663746",
          "is": "1445664018",
          "sa": "2wumygvofAibzlqm4JKCRt",
          "ss": "2O0M4EzOubpFMzd2EzcjgN",
        },
        "track": 21,
      },
      AlbumDetails {
        "name": "First Dance Wedding Songs",
        "purchase": PurchaseEncoded {
          "sa": "7itpnpqFyFJDkkyZo1c2lL",
          "ss": "3lqOlqRP4T1ZEdxXKZCS8F",
        },
        "track": 18,
      },
      AlbumDetails {
        "name": "90s Best Of",
        "purchase": PurchaseEncoded {
          "sa": "7yeIo61dEHVk8rYwtnB9YY",
          "ss": "3vKUEeLm2P5AyhoHGjuv3W",
        },
        "track": 35,
      },
      AlbumDetails {
        "name": "Wedding Songs",
        "purchase": PurchaseEncoded {
          "sa": "7aT1WCgZO68FmEhULqwQNm",
          "ss": "2XXVQHDnQK3fiJmtf8n09q",
        },
        "track": 2,
      },
      AlbumDetails {
        "name": "Rock Songs",
        "purchase": PurchaseEncoded {
          "sa": "5PMM06AGOyOBkWqjOsJAQ7",
          "ss": "5a02Lqe4xVi1lZteyfUHWC",
        },
        "track": 6,
      },
      AlbumDetails {
        "name": "Best Love Songs Of All Time",
        "purchase": PurchaseEncoded {
          "sa": "5FJbZWw3FUcWn8q3Q1hvXs",
          "ss": "4fwKyzZ5MeTPy1GXIFL5m3",
        },
        "track": 37,
      },
      AlbumDetails {
        "name": "Easy Listening Pop Songs",
        "purchase": PurchaseEncoded {
          "sa": "3nxj6EKhjgJ483fQ5fjjU4",
          "ss": "0upr1dQL2BryDxlswUqmiJ",
        },
        "track": 28,
      },
    ],
    "artist": "Extreme",
    "created": 2015-06-12T18:36:18.000Z,
    "currentUserTags": Array [],
    "danceRatings": Array [
      DanceRating {
        "currentUserTags": Array [],
        "danceId": "RMB",
        "tags": Array [
          Tag {
            "category": "Style",
            "count": 2,
            "value": "International",
          },
        ],
        "weight": 6,
      },
      DanceRating {
        "currentUserTags": Array [],
        "danceId": "LTN",
        "tags": Array [],
        "weight": 6,
      },
      DanceRating {
        "currentUserTags": Array [],
        "danceId": "CFT",
        "tags": Array [],
        "weight": 4,
      },
      DanceRating {
        "currentUserTags": Array [],
        "danceId": "FXT",
        "tags": Array [],
        "weight": 2,
      },
      DanceRating {
        "currentUserTags": Array [],
        "danceId": "BOL",
        "tags": Array [],
        "weight": 4,
      },
      DanceRating {
        "currentUserTags": Array [],
        "danceId": "CHA",
        "tags": Array [],
        "weight": 2,
      },
    ],
    "danceability": 0.626,
    "edited": 2020-07-10T18:09:29.000Z,
    "energy": 0.134,
    "length": 333,
    "modified": 2020-07-10T18:09:29.000Z,
    "modifiedBy": Array [
      ModifiedRecord {
        "isPseudo": false,
        "userName": "batch",
      },
      ModifiedRecord {
        "isPseudo": false,
        "userName": "TaylorZ",
      },
      ModifiedRecord {
        "isPseudo": false,
        "userName": "OliviaL",
      },
      ModifiedRecord {
        "isPseudo": false,
        "userName": "batch-a",
      },
      ModifiedRecord {
        "isPseudo": false,
        "userName": "batch-i",
      },
      ModifiedRecord {
        "isPseudo": false,
        "userName": "batch-x",
      },
      ModifiedRecord {
        "isPseudo": false,
        "userName": "AdamT",
      },
      ModifiedRecord {
        "isPseudo": false,
        "userName": "DanielQ",
      },
      ModifiedRecord {
        "isPseudo": false,
        "userName": "batch-s",
      },
      ModifiedRecord {
        "isPseudo": false,
        "userName": "batch-e",
      },
      ModifiedRecord {
        "isPseudo": false,
        "userName": "rhettbot",
      },
      ModifiedRecord {
        "isPseudo": false,
        "userName": "Mandy Chin",
      },
      ModifiedRecord {
        "isPseudo": false,
        "userName": "YaShengLin",
      },
      ModifiedRecord {
        "isPseudo": false,
        "like": true,
        "userName": "Godeke",
      },
      ModifiedRecord {
        "isPseudo": false,
        "userName": "spotify",
      },
    ],
    "sample": ".",
    "songId": "47cc6c5b-14ba-4340-a443-f861bfc5685d",
    "tags": Array [
      Tag {
        "category": "Other",
        "count": 1,
        "value": "1980S",
      },
      Tag {
        "category": "Other",
        "count": 1,
        "value": "1990S",
      },
      Tag {
        "category": "Tempo",
        "count": 1,
        "value": "4/4",
      },
      Tag {
        "category": "Other",
        "count": 1,
        "value": "Acoustic",
      },
      Tag {
        "category": "Music",
        "count": 1,
        "value": "Album Rock",
      },
      Tag {
        "category": "Dance",
        "count": 2,
        "value": "Bolero",
      },
      Tag {
        "category": "Dance",
        "count": 1,
        "value": "Castle Foxtrot",
      },
      Tag {
        "category": "Dance",
        "count": 1,
        "value": "Cha Cha",
      },
      Tag {
        "category": "Other",
        "count": 3,
        "value": "First Dance",
      },
      Tag {
        "category": "Music",
        "count": 1,
        "value": "Funk Metal",
      },
      Tag {
        "category": "Music",
        "count": 1,
        "value": "Glam Metal",
      },
      Tag {
        "category": "Music",
        "count": 1,
        "value": "Hard Rock And Metal",
      },
      Tag {
        "category": "Music",
        "count": 2,
        "value": "Hard Rock",
      },
      Tag {
        "category": "Other",
        "count": 1,
        "value": "Hopeless Romantics",
      },
      Tag {
        "category": "Music",
        "count": 2,
        "value": "Pop",
      },
      Tag {
        "category": "Music",
        "count": 3,
        "value": "Rock",
      },
      Tag {
        "category": "Dance",
        "count": 3,
        "value": "Rumba",
      },
      Tag {
        "category": "Other",
        "count": 3,
        "value": "Wedding",
      },
    ],
    "tempo": 91.9,
    "title": "More Than Words",
    "valence": 0.239,
  },
  Song {
    "albums": Array [
      AlbumDetails {
        "name": "Abriendo Puertas",
        "purchase": PurchaseEncoded {
          "aa": "D:B00138H5NI",
          "as": "D:B00137VONG",
          "ia": "193047743",
          "is": "193048056",
          "sa": "58L3coHWC8BOho10VpDHXV",
          "ss": "39hWBcO7wRuxaUF6iKc73q",
        },
        "track": 3,
      },
      AlbumDetails {
        "name": "Navidad para Ti",
        "purchase": PurchaseEncoded {
          "aa": "D:B00O6O8OOK",
          "as": "D:B00O6O8Q1G",
          "sa": "5Imx4AjC7U9X0gstQgRwCk",
          "ss": "0op6SDxWI0MWq0aKrg4q9x",
        },
        "track": 2,
      },
      AlbumDetails {
        "name": "Top Latino Navidad",
        "purchase": PurchaseEncoded {
          "ia": "293006065",
          "is": "293006321",
          "sa": "3bc8ZLlpXr0neQalIgRMnE",
          "ss": "2tMqbJsvmYqU3Ldjh4bXPh",
        },
        "track": 6,
      },
      AlbumDetails {
        "name": "Original Album Classics",
        "purchase": PurchaseEncoded {
          "sa": "3XOZGEU3AftZWI0So3fDck",
          "ss": "39hWBcO7wRuxaUF6iKc73q",
        },
        "track": 2003,
      },
    ],
    "artist": "Gloria Estefan",
    "created": 2014-03-19T19:35:12.000Z,
    "currentUserTags": Array [
      Tag {
        "category": "Dance",
        "count": 1,
        "value": "Bolero",
      },
      Tag {
        "category": "Dance",
        "count": 1,
        "value": "Cumbia",
      },
      Tag {
        "category": "Dance",
        "count": 1,
        "value": "Rumba",
      },
    ],
    "danceRatings": Array [
      DanceRating {
        "currentUserTags": Array [],
        "danceId": "CHA",
        "tags": Array [],
        "weight": 2,
      },
      DanceRating {
        "currentUserTags": Array [],
        "danceId": "BOL",
        "tags": Array [],
        "weight": 4,
      },
      DanceRating {
        "currentUserTags": Array [],
        "danceId": "RMB",
        "tags": Array [],
        "weight": 4,
      },
      DanceRating {
        "currentUserTags": Array [],
        "danceId": "LTN",
        "tags": Array [],
        "weight": 2,
      },
      DanceRating {
        "currentUserTags": Array [
          Tag {
            "category": "Style",
            "count": 1,
            "value": "Traditional",
          },
        ],
        "danceId": "CMB",
        "tags": Array [
          Tag {
            "category": "Style",
            "count": 1,
            "value": "Traditional",
          },
        ],
        "weight": 2,
      },
    ],
    "danceability": 0.4875326,
    "edited": 2021-01-18T00:13:26.000Z,
    "energy": 0.4557629,
    "length": 322,
    "modified": 2021-01-18T00:13:26.000Z,
    "modifiedBy": Array [
      ModifiedRecord {
        "isPseudo": false,
        "userName": "batch",
      },
      ModifiedRecord {
        "isPseudo": false,
        "userName": "AlexZ",
      },
      ModifiedRecord {
        "isPseudo": false,
        "userName": "dwgray",
      },
      ModifiedRecord {
        "isPseudo": false,
        "userName": "batch-a",
      },
      ModifiedRecord {
        "isPseudo": false,
        "userName": "batch-i",
      },
      ModifiedRecord {
        "isPseudo": false,
        "userName": "batch-x",
      },
      ModifiedRecord {
        "isPseudo": false,
        "userName": "batch-s",
      },
      ModifiedRecord {
        "isPseudo": false,
        "userName": "batch-e",
      },
      ModifiedRecord {
        "isPseudo": false,
        "userName": "spotify",
      },
    ],
    "sample": "https://p.scdn.co/mp3-preview/1f574cb1e143090fac17f93c1a5ee6ce2f57e823",
    "songId": "c77b9b54-38f2-419d-b504-0df9724857f7",
    "tags": Array [
      Tag {
        "category": "Tempo",
        "count": 1,
        "value": "4/4",
      },
      Tag {
        "category": "Dance",
        "count": 2,
        "value": "Bolero",
      },
      Tag {
        "category": "Dance",
        "count": 1,
        "value": "Cha Cha",
      },
      Tag {
        "category": "Dance",
        "count": 1,
        "value": "Cumbia",
      },
      Tag {
        "category": "Other",
        "count": 1,
        "value": "Holiday",
      },
      Tag {
        "category": "Other",
        "count": 1,
        "value": "Latin Christmas",
      },
      Tag {
        "category": "Music",
        "count": 3,
        "value": "Latin",
      },
      Tag {
        "category": "Music",
        "count": 1,
        "value": "More",
      },
      Tag {
        "category": "Dance",
        "count": 2,
        "value": "Rumba",
      },
      Tag {
        "category": "Music",
        "count": 1,
        "value": "Salsa Y Tropical",
      },
    ],
    "tempo": 89.8,
    "title": "Más Allá",
    "valence": 0.5403903,
  },
  Song {
    "albums": Array [
      AlbumDetails {
        "name": "From Now On",
        "purchase": PurchaseEncoded {
          "aa": "D:B0022DARWY",
          "as": "D:B0022D55S0",
          "ia": "309682745",
          "is": "309682796",
          "sa": "1ZH8hj897xqqzJRmfDc1Ry",
          "ss": "7eiAPdwcdCH8GOtUWILo96",
        },
        "track": 3,
      },
      AlbumDetails {
        "name": "Mother's Day Songs",
        "purchase": PurchaseEncoded {
          "aa": "D:B079YXML4K",
          "as": "D:B079YSPKD9",
          "ia": "1351342657",
          "is": "1351343428",
          "sa": "0LplRIGNE4ds9AmJ6w0qXa",
          "ss": "2xe3NXEznJiXs3s1OTODZS",
        },
        "track": 23,
      },
    ],
    "artist": "Will Young",
    "created": 2017-04-18T03:21:38.000Z,
    "currentUserTags": Array [
      Tag {
        "category": "Tempo",
        "count": 1,
        "value": "4/4",
      },
    ],
    "danceRatings": Array [
      DanceRating {
        "currentUserTags": Array [],
        "danceId": "RMB",
        "tags": Array [
          Tag {
            "category": "Style",
            "count": 2,
            "value": "International",
          },
        ],
        "weight": 6,
      },
      DanceRating {
        "currentUserTags": Array [],
        "danceId": "BOL",
        "tags": Array [],
        "weight": 4,
      },
      DanceRating {
        "currentUserTags": Array [],
        "danceId": "LTN",
        "tags": Array [],
        "weight": 6,
      },
      DanceRating {
        "currentUserTags": Array [],
        "danceId": "CHA",
        "tags": Array [],
        "weight": 2,
      },
    ],
    "danceability": 0.769,
    "edited": 2019-08-27T10:53:20.000Z,
    "energy": 0.786,
    "length": 210,
    "modified": 2019-08-27T10:53:20.000Z,
    "modifiedBy": Array [
      ModifiedRecord {
        "isPseudo": false,
        "userName": "rhettbot",
      },
      ModifiedRecord {
        "isPseudo": false,
        "userName": "batch-a",
      },
      ModifiedRecord {
        "isPseudo": false,
        "userName": "batch-i",
      },
      ModifiedRecord {
        "isPseudo": false,
        "userName": "batch-s",
      },
      ModifiedRecord {
        "isPseudo": false,
        "userName": "batch-x",
      },
      ModifiedRecord {
        "isPseudo": false,
        "userName": "dwgray",
      },
      ModifiedRecord {
        "isPseudo": false,
        "userName": "DanielLibatique",
      },
      ModifiedRecord {
        "isPseudo": false,
        "like": true,
        "userName": "Dancetonightknox",
      },
      ModifiedRecord {
        "isPseudo": false,
        "userName": "dgsnure",
      },
      ModifiedRecord {
        "isPseudo": false,
        "userName": "ZacharyPachol",
      },
      ModifiedRecord {
        "isPseudo": false,
        "userName": "batch-e",
      },
    ],
    "sample": "https://p.scdn.co/mp3-preview/086fa1462138c280c7e06e5b920c46bc2b66647e?cid=***REMOVED***",
    "songId": "c59be688-2694-448b-b4fb-5179431ae4f8",
    "tags": Array [
      Tag {
        "category": "Tempo",
        "count": 2,
        "value": "4/4",
      },
      Tag {
        "category": "Music",
        "count": 1,
        "value": "Australian Pop",
      },
      Tag {
        "category": "Dance",
        "count": 2,
        "value": "Bolero",
      },
      Tag {
        "category": "Dance",
        "count": 1,
        "value": "Cha Cha",
      },
      Tag {
        "category": "Music",
        "count": 1,
        "value": "Dance Pop",
      },
      Tag {
        "category": "Music",
        "count": 1,
        "value": "Europop",
      },
      Tag {
        "category": "Music",
        "count": 1,
        "value": "Neo Mellow",
      },
      Tag {
        "category": "Music",
        "count": 1,
        "value": "Neo Soul",
      },
      Tag {
        "category": "Music",
        "count": 1,
        "value": "New Wave Pop",
      },
      Tag {
        "category": "Music",
        "count": 3,
        "value": "Pop",
      },
      Tag {
        "category": "Dance",
        "count": 3,
        "value": "Rumba",
      },
      Tag {
        "category": "Music",
        "count": 1,
        "value": "Uk Pop",
      },
    ],
    "tempo": 106.9,
    "title": "Light My Fire",
    "valence": 0.883,
  },
  Song {
    "albums": Array [
      AlbumDetails {
        "name": "Game Over",
        "purchase": PurchaseEncoded {
          "aa": "D:B009M7OAO4",
          "as": "D:B009M7OEVI",
          "ia": "568263717",
          "is": "568264429",
          "sa": "4uChaQnoWbwiXeQzbflMJK",
          "ss": "7r80QSqVFDPCC6S3BZdsIS",
        },
        "track": 8,
      },
      AlbumDetails {
        "name": "Best Of P-Square",
        "purchase": PurchaseEncoded {
          "sa": "0L9xgB8Ug97cGUR5qRbDSv",
          "ss": "4sI1vvDobOB87Kso8Cy4Do",
        },
        "track": 12,
      },
    ],
    "artist": "P-Square",
    "created": 2017-08-06T23:19:07.000Z,
    "currentUserTags": Array [],
    "danceRatings": Array [
      DanceRating {
        "currentUserTags": Array [],
        "danceId": "RMB",
        "tags": Array [
          Tag {
            "category": "Style",
            "count": 1,
            "value": "American",
          },
        ],
        "weight": 2,
      },
      DanceRating {
        "currentUserTags": Array [],
        "danceId": "BOL",
        "tags": Array [],
        "weight": 2,
      },
      DanceRating {
        "currentUserTags": Array [],
        "danceId": "LTN",
        "tags": Array [],
        "weight": 3,
      },
      DanceRating {
        "currentUserTags": Array [],
        "danceId": "CHA",
        "tags": Array [],
        "weight": 2,
      },
    ],
    "danceability": 0.824,
    "edited": 2018-09-07T11:06:22.000Z,
    "energy": 0.767,
    "length": 267,
    "modified": 2018-09-07T11:06:22.000Z,
    "modifiedBy": Array [
      ModifiedRecord {
        "isPseudo": false,
        "userName": "rhettbot",
      },
      ModifiedRecord {
        "isPseudo": false,
        "userName": "batch-a",
      },
      ModifiedRecord {
        "isPseudo": false,
        "userName": "batch-i",
      },
      ModifiedRecord {
        "isPseudo": false,
        "userName": "batch-s",
      },
      ModifiedRecord {
        "isPseudo": false,
        "userName": "batch-e",
      },
      ModifiedRecord {
        "isPseudo": false,
        "userName": "batch-x",
      },
      ModifiedRecord {
        "isPseudo": false,
        "userName": "dgsnure",
      },
    ],
    "songId": "cb5554cf-c2db-4398-88c5-b5e9fcef2d5e",
    "tags": Array [
      Tag {
        "category": "Tempo",
        "count": 1,
        "value": "4/4",
      },
      Tag {
        "category": "Dance",
        "count": 1,
        "value": "Bolero",
      },
      Tag {
        "category": "Dance",
        "count": 1,
        "value": "Cha Cha",
      },
      Tag {
        "category": "Music",
        "count": 1,
        "value": "International",
      },
      Tag {
        "category": "Dance",
        "count": 1,
        "value": "Rumba",
      },
      Tag {
        "category": "Music",
        "count": 1,
        "value": "World",
      },
    ],
    "tempo": 110,
    "title": "Ifunanya",
    "valence": 0.94,
  },
  Song {
    "albums": Array [
      AlbumDetails {
        "name": "Savage Garden",
        "purchase": PurchaseEncoded {
          "aa": "D:B00138H35S",
          "as": "D:B00137MJI0",
          "ia": "157485058",
          "is": "157485088",
          "sa": "64peTvbTLBDeSBu0GsCRE4",
          "ss": "013AWvizllIUEC2FOBzOnh",
        },
        "track": 3,
      },
      AlbumDetails {
        "name": "Truly Madly Deeply",
        "purchase": PurchaseEncoded {
          "aa": "D:B00138J4W8",
          "as": "D:B00137SQTQ",
          "sa": "1eIFT4paWS0wFWxnfctxbP",
          "ss": "7xUVverKyPPPAW3sDqXhfi",
        },
        "track": 1,
      },
      AlbumDetails {
        "name": "Truly Madly Completely - The Best of Savage Garden",
        "purchase": PurchaseEncoded {
          "aa": "D:B00138H6ZU",
          "as": "D:B00137OG1I",
          "ia": "159463477",
          "is": "159464189",
          "sa": "5S4ycMpNlcTpLaO7u6mkkb",
          "ss": "7xUVverKyPPPAW3sDqXhfi",
        },
        "track": 8,
      },
      AlbumDetails {
        "name": "21 Sweet 90s Hits!",
        "purchase": PurchaseEncoded {
          "aa": "D:B00KOQB9Y6",
          "as": "D:B00KOQBV80",
          "ia": "884174684",
          "is": "884174710",
        },
        "track": 15,
      },
      AlbumDetails {
        "name": "21 Classic #1 Hits",
        "purchase": PurchaseEncoded {
          "aa": "D:B012JA22NG",
          "as": "D:B012JA3CJY",
          "ia": "1022556674",
          "is": "1022559181",
        },
        "track": 19,
      },
      AlbumDetails {
        "name": "Voices From The FIFA World Cup",
        "purchase": PurchaseEncoded {
          "ia": "157873163",
          "is": "157874198",
        },
        "track": 7,
      },
      AlbumDetails {
        "name": "Love Songs - 100 Hits: Ballads, sad songs and tear jerkers inc. Beyonce, Michael Jackson and John Legend",
        "purchase": PurchaseEncoded {
          "sa": "3iFJF65Vc8nhkASihDVOrn",
          "ss": "7xUVverKyPPPAW3sDqXhfi",
        },
        "track": 60,
      },
      AlbumDetails {
        "name": "My Love",
        "purchase": PurchaseEncoded {
          "sa": "6f6zyhBr7F99WkhBNHeyAF",
          "ss": "7xUVverKyPPPAW3sDqXhfi",
        },
        "track": 2017,
      },
      AlbumDetails {
        "name": "100 hits från 90-talet",
        "purchase": PurchaseEncoded {
          "sa": "4GH9vvJBWV7WQOjC2I910G",
          "ss": "7xUVverKyPPPAW3sDqXhfi",
        },
        "track": 32,
      },
      AlbumDetails {
        "name": "Valentine's Day Classics",
        "purchase": PurchaseEncoded {
          "sa": "5PEu2Wi8pPaKVX0fFXM7Bp",
          "ss": "7xUVverKyPPPAW3sDqXhfi",
        },
        "track": 27,
      },
      AlbumDetails {
        "name": "Hold Me",
        "purchase": PurchaseEncoded {
          "aa": "D:B071VTVHR7",
          "as": "D:B07235F5K5",
          "sa": "6hbTiCvDkDj88H93ZmuBbV",
          "ss": "0VgAGImFkyHlV1j1K7Dt22",
        },
        "track": 2,
      },
      AlbumDetails {
        "name": "22 Sweet 90s Hits [Explicit]",
        "purchase": PurchaseEncoded {
          "aa": "D:B00O0PP4MU",
          "as": "D:B00O0PPSCQ",
        },
        "track": 15,
      },
      AlbumDetails {
        "name": "22 Classic #1 Hits",
        "purchase": PurchaseEncoded {
          "aa": "D:B00O0PO9DU",
          "as": "D:B00O0PPAUG",
        },
        "track": 20,
      },
      AlbumDetails {
        "name": "Music Pass: Hits of the 90's [Clean]",
        "purchase": PurchaseEncoded {
          "aa": "D:B073J2DQMP",
          "as": "D:B073NTD4TG",
        },
        "track": 8,
      },
      AlbumDetails {
        "name": "Savage Garden - The Singles",
        "purchase": PurchaseEncoded {
          "aa": "D:B01BFZ58L4",
          "as": "D:B01BFZ5DDM",
          "ia": "1069498537",
          "is": "1069498971",
          "sa": "14JCVMAbCs1MlE5n59m0t6",
          "ss": "1i4htxXaMnxnOBCKan5EVM",
        },
        "track": 3,
      },
      AlbumDetails {
        "name": "Hold Me - EP",
        "purchase": PurchaseEncoded {
          "ia": "457169097",
          "is": "457169101",
        },
        "track": 2,
      },
      AlbumDetails {
        "name": "Love Songs",
        "purchase": PurchaseEncoded {
          "sa": "0Kqw8feGAz7zQ7cELaIeBs",
          "ss": "6MXeTGKPhVuaifyloxs8tL",
        },
        "track": 28,
      },
      AlbumDetails {
        "name": "Music Pass: Hits of the 90's",
        "purchase": PurchaseEncoded {
          "sa": "7yfpdsp0xz2VlgeccFhOr1",
          "ss": "5Gk6yB3sVnSNTvrzT6Rx3Q",
        },
        "track": 2008,
      },
      AlbumDetails {
        "name": "90 Sweet 90s Hits!",
        "purchase": PurchaseEncoded {
          "sa": "71WupOKqXgSrgg0CivZDHS",
          "ss": "3VICrkEcAue4VeKV28SVsl",
        },
        "track": 21,
      },
    ],
    "artist": "Savage Garden",
    "created": 2014-07-01T21:21:49.000Z,
    "currentUserTags": Array [
      Tag {
        "category": "Dance",
        "count": 1,
        "value": "Castle Foxtrot",
      },
      Tag {
        "category": "Other",
        "count": 1,
        "value": "Forever",
      },
    ],
    "danceRatings": Array [
      DanceRating {
        "currentUserTags": Array [
          Tag {
            "category": "Style",
            "count": 1,
            "value": "Alternative",
          },
          Tag {
            "category": "Tempo",
            "count": 1,
            "value": "Slow",
          },
        ],
        "danceId": "BOL",
        "tags": Array [
          Tag {
            "category": "Style",
            "count": 1,
            "value": "Alternative",
          },
          Tag {
            "category": "Tempo",
            "count": 1,
            "value": "Slow",
          },
        ],
        "weight": 6,
      },
      DanceRating {
        "currentUserTags": Array [],
        "danceId": "CFT",
        "tags": Array [],
        "weight": 8,
      },
      DanceRating {
        "currentUserTags": Array [],
        "danceId": "LTN",
        "tags": Array [],
        "weight": 7,
      },
      DanceRating {
        "currentUserTags": Array [
          Tag {
            "category": "Tempo",
            "count": 1,
            "value": "double-time",
          },
        ],
        "danceId": "FXT",
        "tags": Array [
          Tag {
            "category": "Tempo",
            "count": 1,
            "value": "double-time",
          },
        ],
        "weight": 4,
      },
      DanceRating {
        "currentUserTags": Array [
          Tag {
            "category": "Tempo",
            "count": 1,
            "value": "Fake",
          },
        ],
        "danceId": "SWZ",
        "tags": Array [
          Tag {
            "category": "Tempo",
            "count": 1,
            "value": "Fake",
          },
        ],
        "weight": 2,
      },
      DanceRating {
        "currentUserTags": Array [
          Tag {
            "category": "Tempo",
            "count": 1,
            "value": "Fake",
          },
        ],
        "danceId": "WLZ",
        "tags": Array [
          Tag {
            "category": "Tempo",
            "count": 1,
            "value": "Fake",
          },
        ],
        "weight": 1,
      },
      DanceRating {
        "currentUserTags": Array [
          Tag {
            "category": "Tempo",
            "count": 1,
            "value": "double-time",
          },
        ],
        "danceId": "CHA",
        "tags": Array [
          Tag {
            "category": "Tempo",
            "count": 1,
            "value": "double-time",
          },
        ],
        "weight": 2,
      },
      DanceRating {
        "currentUserTags": Array [],
        "danceId": "NC2",
        "tags": Array [],
        "weight": 2,
      },
      DanceRating {
        "currentUserTags": Array [],
        "danceId": "RMB",
        "tags": Array [
          Tag {
            "category": "Style",
            "count": 1,
            "value": "International",
          },
        ],
        "weight": 4,
      },
      DanceRating {
        "currentUserTags": Array [],
        "danceId": "VWZ",
        "tags": Array [],
        "weight": 1,
      },
    ],
    "danceability": 0.555,
    "edited": 2021-01-18T00:13:26.000Z,
    "energy": 0.698,
    "length": 276,
    "modified": 2021-01-18T00:13:26.000Z,
    "modifiedBy": Array [
      ModifiedRecord {
        "isPseudo": false,
        "userName": "CamilaH",
      },
      ModifiedRecord {
        "isPseudo": false,
        "userName": "batch",
      },
      ModifiedRecord {
        "isPseudo": false,
        "userName": "OliviaL",
      },
      ModifiedRecord {
        "isPseudo": false,
        "userName": "batch-a",
      },
      ModifiedRecord {
        "isPseudo": false,
        "userName": "batch-i",
      },
      ModifiedRecord {
        "isPseudo": false,
        "userName": "batch-x",
      },
      ModifiedRecord {
        "isPseudo": false,
        "userName": "batch-s",
      },
      ModifiedRecord {
        "isPseudo": false,
        "userName": "AdamT",
      },
      ModifiedRecord {
        "isPseudo": false,
        "userName": "TaylorZ",
      },
      ModifiedRecord {
        "isPseudo": false,
        "userName": "LucyM",
      },
      ModifiedRecord {
        "isPseudo": false,
        "userName": "DanielQ",
      },
      ModifiedRecord {
        "isPseudo": false,
        "userName": "dwgray",
      },
      ModifiedRecord {
        "isPseudo": false,
        "userName": "batch-e",
      },
      ModifiedRecord {
        "isPseudo": false,
        "userName": "rhettbot",
      },
      ModifiedRecord {
        "isPseudo": false,
        "userName": "YaShengLin",
      },
      ModifiedRecord {
        "isPseudo": false,
        "userName": "spotify",
      },
    ],
    "sample": "https://p.scdn.co/mp3-preview/d24fa7178eccb057ea3b9ccdac51584bfdcc8898?cid=***REMOVED***",
    "songId": "c2443d83-ed2e-4faf-a377-2d1c0d48cdf8",
    "tags": Array [
      Tag {
        "category": "Other",
        "count": 1,
        "value": "1990S",
      },
      Tag {
        "category": "Tempo",
        "count": 1,
        "value": "4/4",
      },
      Tag {
        "category": "Other",
        "count": 1,
        "value": "Ballad",
      },
      Tag {
        "category": "Dance",
        "count": 3,
        "value": "Bolero",
      },
      Tag {
        "category": "Music",
        "count": 1,
        "value": "Boy Band",
      },
      Tag {
        "category": "Dance",
        "count": 3,
        "value": "Castle Foxtrot",
      },
      Tag {
        "category": "Dance",
        "count": 1,
        "value": "Cha Cha",
      },
      Tag {
        "category": "Music",
        "count": 1,
        "value": "Dance Pop",
      },
      Tag {
        "category": "Music",
        "count": 1,
        "value": "Europop",
      },
      Tag {
        "category": "Other",
        "count": 3,
        "value": "First Dance",
      },
      Tag {
        "category": "Other",
        "count": 1,
        "value": "Forever",
      },
      Tag {
        "category": "Dance",
        "count": 1,
        "value": "Night Club Two Step",
      },
      Tag {
        "category": "Music",
        "count": 1,
        "value": "Pop Rock",
      },
      Tag {
        "category": "Music",
        "count": 4,
        "value": "Pop",
      },
      Tag {
        "category": "Other",
        "count": 1,
        "value": "Pride Classics",
      },
      Tag {
        "category": "Other",
        "count": 1,
        "value": "Pride",
      },
      Tag {
        "category": "Music",
        "count": 1,
        "value": "Rock",
      },
      Tag {
        "category": "Dance",
        "count": 2,
        "value": "Rumba",
      },
      Tag {
        "category": "Dance",
        "count": 1,
        "value": "Slow Waltz",
      },
      Tag {
        "category": "Other",
        "count": 3,
        "value": "Wedding",
      },
    ],
    "tempo": 84.1,
    "title": "Truly Madly Deeply",
    "valence": 0.816,
  },
  Song {
    "albums": Array [
      AlbumDetails {
        "name": "Let Me Go (with Alesso, Florida Georgia Line & watt)",
        "purchase": PurchaseEncoded {
          "aa": "D:B075DJC89M",
          "as": "D:B075DHX331",
          "ia": "1445046223",
          "is": "1445046231",
          "sa": "3ggBBGRhkDVAu7pQRXRPXO",
          "ss": "5Gu0PDLN4YJeW75PpBSg9p",
        },
        "track": 1,
      },
      AlbumDetails {
        "name": "NOW That's What I Call Music, Vol. 65",
        "purchase": PurchaseEncoded {
          "ia": "1334446033",
          "is": "1334446733",
        },
        "track": 14,
      },
      AlbumDetails {
        "name": "Midnight Hour - EP",
        "purchase": PurchaseEncoded {
          "ia": "1534612895",
          "is": "1534612992",
        },
        "track": 4,
      },
      AlbumDetails {
        "name": "Spring Party 2018",
        "purchase": PurchaseEncoded {
          "ia": "1360059930",
          "is": "1360060996",
          "sa": "6Oe7PIFiEq9k1d4zzftFN7",
          "ss": "3I7bVeBnbcg32FkzoROPbK",
        },
        "track": 12,
      },
      AlbumDetails {
        "name": "New Pop Hits",
        "purchase": PurchaseEncoded {
          "ia": "1539188649",
          "is": "1539188673",
        },
        "track": 3,
      },
      AlbumDetails {
        "name": "Woes Songs For Long Train Rides",
        "purchase": PurchaseEncoded {
          "ia": "1541966387",
          "is": "1541967131",
        },
        "track": 18,
      },
      AlbumDetails {
        "name": "Verified Hits",
        "purchase": PurchaseEncoded {
          "ia": "1443222521",
          "is": "1443222543",
        },
        "track": 5,
      },
      AlbumDetails {
        "name": "Modern Pop Hits",
        "purchase": PurchaseEncoded {
          "ia": "1537737434",
          "is": "1537737468",
        },
        "track": 4,
      },
      AlbumDetails {
        "name": "New Year Mix",
        "purchase": PurchaseEncoded {
          "ia": "1543442740",
          "is": "1543443218",
        },
        "track": 32,
      },
      AlbumDetails {
        "name": "Party Time",
        "purchase": PurchaseEncoded {
          "ia": "1541243927",
          "is": "1541244115",
        },
        "track": 9,
      },
      AlbumDetails {
        "name": "Perfect Pop",
        "purchase": PurchaseEncoded {
          "ia": "1442852179",
          "is": "1442852435",
        },
        "track": 12,
      },
      AlbumDetails {
        "name": "Top 30 US",
        "purchase": PurchaseEncoded {
          "ia": "1375820694",
          "is": "1375821149",
          "sa": "4Vf5l1TvPROSWTSzIj9v6i",
          "ss": "1mcyQB9vhoCm8HXeNt76pS",
        },
        "track": 15,
      },
    ],
    "artist": "Hailee Steinfeld",
    "created": 2017-09-24T05:23:13.000Z,
    "currentUserTags": Array [],
    "danceRatings": Array [
      DanceRating {
        "currentUserTags": Array [],
        "danceId": "SMB",
        "tags": Array [
          Tag {
            "category": "Style",
            "count": 1,
            "value": "International",
          },
        ],
        "weight": 2,
      },
      DanceRating {
        "currentUserTags": Array [],
        "danceId": "LTN",
        "tags": Array [],
        "weight": 5,
      },
      DanceRating {
        "currentUserTags": Array [],
        "danceId": "CHA",
        "tags": Array [],
        "weight": 4,
      },
      DanceRating {
        "currentUserTags": Array [],
        "danceId": "BOL",
        "tags": Array [],
        "weight": 2,
      },
      DanceRating {
        "currentUserTags": Array [],
        "danceId": "CFT",
        "tags": Array [],
        "weight": 2,
      },
      DanceRating {
        "currentUserTags": Array [],
        "danceId": "RMB",
        "tags": Array [],
        "weight": 2,
      },
      DanceRating {
        "currentUserTags": Array [],
        "danceId": "FXT",
        "tags": Array [],
        "weight": 1,
      },
      DanceRating {
        "currentUserTags": Array [],
        "danceId": "WCS",
        "tags": Array [],
        "weight": 4,
      },
      DanceRating {
        "currentUserTags": Array [],
        "danceId": "SWG",
        "tags": Array [],
        "weight": 2,
      },
    ],
    "danceability": 0.664,
    "edited": 2020-12-19T21:58:28.000Z,
    "energy": 0.708,
    "length": 175,
    "modified": 2020-12-19T21:58:28.000Z,
    "modifiedBy": Array [
      ModifiedRecord {
        "isPseudo": false,
        "userName": "DanielLibatique",
      },
      ModifiedRecord {
        "isPseudo": false,
        "userName": "batch-a",
      },
      ModifiedRecord {
        "isPseudo": false,
        "userName": "batch-i",
      },
      ModifiedRecord {
        "isPseudo": false,
        "userName": "batch-s",
      },
      ModifiedRecord {
        "isPseudo": false,
        "userName": "batch-e",
      },
      ModifiedRecord {
        "isPseudo": false,
        "userName": "batch-x",
      },
      ModifiedRecord {
        "isPseudo": false,
        "userName": "dgsnure",
      },
      ModifiedRecord {
        "isPseudo": false,
        "userName": "charlie",
      },
      ModifiedRecord {
        "isPseudo": false,
        "userName": "StephanieLienPham",
      },
      ModifiedRecord {
        "isPseudo": false,
        "userName": "LizaMay",
      },
    ],
    "sample": ".",
    "songId": "d1593fd2-df5d-434b-80d0-ff1a60399807",
    "tags": Array [
      Tag {
        "category": "Other",
        "count": 1,
        "value": "2017",
      },
      Tag {
        "category": "Tempo",
        "count": 1,
        "value": "4/4",
      },
      Tag {
        "category": "Music",
        "count": 1,
        "value": "Adult Contemporary",
      },
      Tag {
        "category": "Music",
        "count": 1,
        "value": "Big Room",
      },
      Tag {
        "category": "Dance",
        "count": 1,
        "value": "Bolero",
      },
      Tag {
        "category": "Dance",
        "count": 1,
        "value": "Castle Foxtrot",
      },
      Tag {
        "category": "Dance",
        "count": 2,
        "value": "Cha Cha",
      },
      Tag {
        "category": "Music",
        "count": 1,
        "value": "Contemporary Country",
      },
      Tag {
        "category": "Music",
        "count": 1,
        "value": "Country Pop",
      },
      Tag {
        "category": "Music",
        "count": 1,
        "value": "Country Road",
      },
      Tag {
        "category": "Music",
        "count": 1,
        "value": "Country",
      },
      Tag {
        "category": "Music",
        "count": 1,
        "value": "Dance Pop",
      },
      Tag {
        "category": "Music",
        "count": 1,
        "value": "Dance",
      },
      Tag {
        "category": "Music",
        "count": 1,
        "value": "Edm",
      },
      Tag {
        "category": "Music",
        "count": 1,
        "value": "Electro House",
      },
      Tag {
        "category": "Music",
        "count": 1,
        "value": "Modern Alternative Rock",
      },
      Tag {
        "category": "Music",
        "count": 1,
        "value": "Modern Country Rock",
      },
      Tag {
        "category": "Music",
        "count": 1,
        "value": "Pop Dance",
      },
      Tag {
        "category": "Music",
        "count": 3,
        "value": "Pop",
      },
      Tag {
        "category": "Music",
        "count": 1,
        "value": "Post Teen Pop",
      },
      Tag {
        "category": "Music",
        "count": 1,
        "value": "Progressive Electro House",
      },
      Tag {
        "category": "Dance",
        "count": 1,
        "value": "Rumba",
      },
      Tag {
        "category": "Dance",
        "count": 1,
        "value": "Samba",
      },
      Tag {
        "category": "Music",
        "count": 1,
        "value": "Tropical House",
      },
      Tag {
        "category": "Dance",
        "count": 2,
        "value": "West Coast Swing",
      },
    ],
    "tempo": 103.1,
    "title": "Let Me Go (with Alesso, Florida Georgia Line & watt)",
    "valence": 0.742,
  },
]
`;

exports[`song tests should load full song history 1`] = `
Song {
  "albums": Array [
    AlbumDetails {
      "name": "Hotel Cabana (Deluxe Version)",
      "purchase": PurchaseEncoded {
        "ia": "1443257658",
        "is": "1443257774",
        "sa": "53iwAByO7wE7EqnpFPpIB3",
        "ss": "1RjpMjVNCHWoltfYSBHEKg",
      },
      "track": 8,
    },
    AlbumDetails {
      "name": "La La La (feat. Sam Smith) - EP",
      "purchase": PurchaseEncoded {
        "ia": "1445297149",
        "is": "1445297154",
        "sa": "7L2vCH0rBeI5pKefCgWcV9",
        "ss": "52gvlDnre9craz9dKGObp8",
      },
      "track": 1,
    },
    AlbumDetails {
      "name": "Runtastic Music - Running, Vol. 2",
      "purchase": PurchaseEncoded {
        "ia": "1443009219",
        "is": "1443009685",
      },
      "track": 17,
    },
    AlbumDetails {
      "name": "In the Lonely Hour (Drowning Shadows Edition)",
      "purchase": PurchaseEncoded {
        "ia": "1536993568",
        "is": "1536994177",
        "sa": "0vrWqbRQEMKqhTGcDLQK7x",
        "ss": "0PPXEgevjLKKso0QVhEFZ4",
      },
      "track": 13,
    },
    AlbumDetails {
      "name": "HEAL - EP",
      "purchase": PurchaseEncoded {
        "ia": "1525762407",
        "is": "1525762409",
      },
      "track": 2,
    },
    AlbumDetails {
      "name": "2013 Hits",
      "purchase": PurchaseEncoded {
        "sa": "3DiKQcknXvMRlLYrtSnM3d",
        "ss": "1YGrDWPqdIiLIBWT16LkmD",
      },
      "track": 22,
    },
    AlbumDetails {
      "name": "R&B Fresh Hits",
      "purchase": PurchaseEncoded {
        "sa": "5LdPZ8X1yC1zrYfV7Rr7NV",
        "ss": "2AGkwavipFIB2c8kFYTjXI",
      },
      "track": 4,
    },
    AlbumDetails {
      "name": "Pop Hits 2012-2015",
      "purchase": PurchaseEncoded {
        "sa": "51Z21bW6Pc6JRx9Iob7gno",
        "ss": "34C70uPZsQvplM9n4mHjxT",
      },
      "track": 19,
    },
    AlbumDetails {
      "name": "Summer 2019",
      "purchase": PurchaseEncoded {
        "sa": "4WWpkUUZXjsTDA4jYrj8BH",
        "ss": "0NRFSgzkoKDiL3wlItt4WS",
      },
      "track": 21,
    },
    AlbumDetails {
      "name": "HEAL",
      "purchase": PurchaseEncoded {
        "sa": "35IxlwuDscHGOpwEBqrh7t",
        "ss": "5I7tLS7nJ49wR44Be4XOgj",
      },
      "track": 2,
    },
  ],
  "artist": "Naughty Boy",
  "created": 2020-12-24T21:32:58.000Z,
  "currentUserTags": Array [],
  "danceRatings": Array [
    DanceRating {
      "currentUserTags": Array [],
      "danceId": "WCS",
      "tags": Array [],
      "weight": 2,
    },
    DanceRating {
      "currentUserTags": Array [],
      "danceId": "SWG",
      "tags": Array [],
      "weight": 1,
    },
  ],
  "danceability": 0.772,
  "edited": 2020-12-24T21:32:58.000Z,
  "energy": 0.65,
  "length": 222,
  "modified": 2020-12-24T13:33:18.000Z,
  "modifiedBy": Array [
    ModifiedRecord {
      "isPseudo": false,
      "userName": "LizaMay",
    },
    ModifiedRecord {
      "isPseudo": true,
      "userName": "batch-i",
    },
    ModifiedRecord {
      "isPseudo": true,
      "userName": "batch-s",
    },
    ModifiedRecord {
      "isPseudo": true,
      "userName": "batch-e",
    },
  ],
  "sample": ".",
  "songId": "9ee1b507-c177-4167-a543-6b64a15afb12",
  "tags": Array [
    Tag {
      "category": "Tempo",
      "count": 1,
      "value": "4/4",
    },
    Tag {
      "category": "Music",
      "count": 1,
      "value": "Dance Pop",
    },
    Tag {
      "category": "Music",
      "count": 2,
      "value": "Pop",
    },
    Tag {
      "category": "Music",
      "count": 1,
      "value": "Post Teen Pop",
    },
    Tag {
      "category": "Music",
      "count": 1,
      "value": "Tropical House",
    },
    Tag {
      "category": "Music",
      "count": 1,
      "value": "Uk Contemporary R&B",
    },
    Tag {
      "category": "Music",
      "count": 1,
      "value": "Uk Pop",
    },
    Tag {
      "category": "Dance",
      "count": 1,
      "value": "West Coast Swing",
    },
  ],
  "tempo": 125.1,
  "title": "La La La",
  "valence": 0.262,
}
`;
