// Jest Snapshot v1, https://goo.gl/fbAQLP

exports[`TempoCounter.vue renders the tempo counter page 1`] = `
<div>
  <div>
    <!---->
    <!---->
    <nav class="navbar navbar-dark bg-primary navbar-expand-lg" id="mainMenu"><a href="/" target="_self" class="navbar-brand"><img src="/images/header-logo.png" height="40" title="music4dance"></a> <button type="button" aria-label="Toggle navigation" class="navbar-toggler collapsed" aria-expanded="false" aria-controls="nav-collapse"><span class="navbar-toggler-icon"></span></button>
      <transition-stub css="true" enterclass="" leaveclass="collapse show" entertoclass="collapse show" leavetoclass="collapse" enteractiveclass="collapsing" leaveactiveclass="collapsing">
        <div id="nav-collapse" class="navbar-collapse collapse" style="display: none;">
          <ul class="navbar-nav">
            <li id="music-menu" class="nav-item b-nav-dropdown dropdown"><a id="music-menu__BV_toggle_" role="button" aria-haspopup="true" aria-expanded="false" aria-controls="music-menu__BV_toggle_menu_" href="#music-menu" target="_self" class="nav-link dropdown-toggle"><span>Music</span></a>
              <ul tabindex="-1" aria-labelledby="music-menu__BV_toggle_" id="music-menu__BV_toggle_menu_" class="dropdown-menu">
                <li role="presentation"><a role="menuitem" href="/dances" target="_self" class="dropdown-item">Dances</a></li>
                <li role="presentation" class="nav-subitem"><a role="menuitem" href="/dances/ballroom-competition-categories" target="_self" class="dropdown-item">Ballroom</a></li>
                <li role="presentation" class="nav-subitem"><a role="menuitem" href="/dances/latin" target="_self" class="dropdown-item">Latin</a></li>
                <li role="presentation" class="nav-subitem"><a role="menuitem" href="/dances/swing" target="_self" class="dropdown-item">Swing</a></li>
                <li role="presentation" class="nav-subitem"><a role="menuitem" href="/dances/tango" target="_self" class="dropdown-item">Tango</a></li>
                <li role="presentation"><a role="menuitem" href="/song" target="_self" class="dropdown-item">Song Library</a></li>
                <li role="presentation" class="nav-subitem"><a role="menuitem" href="/song/advancedsearchform" target="_self" class="dropdown-item">Advanced Search</a></li>
                <li role="presentation" class="nav-subitem"><a role="menuitem" href="/song/augment" target="_self" class="dropdown-item">Add Song</a></li>
                <li role="presentation" class="nav-subitem"><a role="menuitem" href="/song/newmusic" target="_self" class="dropdown-item">New Music</a></li>
                <li role="presentation"><a role="menuitem" href="/dances/wedding-music" target="_self" class="dropdown-item">Wedding</a></li>
                <li role="presentation"><a role="menuitem" href="/song/holidaymusic" target="_self" class="dropdown-item">Holiday</a></li>
                <li role="presentation"><a role="menuitem" href="/song/addtags/?tags=%2BHalloween%3AOther" target="_self" class="dropdown-item">Halloween</a></li>
                <li role="presentation"><a role="menuitem" href="/tag" target="_self" class="dropdown-item">Tags</a></li>
              </ul>
            </li>
            <li id="tools-menu" class="nav-item b-nav-dropdown dropdown"><a id="tools-menu__BV_toggle_" role="button" aria-haspopup="true" aria-expanded="false" aria-controls="tools-menu__BV_toggle_menu_" href="#tools-menu" target="_self" class="nav-link dropdown-toggle"><span>Tools</span></a>
              <ul tabindex="-1" aria-labelledby="tools-menu__BV_toggle_" id="tools-menu__BV_toggle_menu_" class="dropdown-menu">
                <li role="presentation"><a role="menuitem" href="/home/counter" target="_self" class="dropdown-item">Tempo Counter</a></li>
                <li role="presentation"><a role="menuitem" href="/home/tempi" target="_self" class="dropdown-item">Tempi (Tempos)</a></li>
                <li role="presentation"><a role="menuitem" href="/song/advancedsearchform" target="_self" class="dropdown-item">Advanced Search</a></li>
                <!---->
              </ul>
            </li>
            <li class="nav-item b-nav-dropdown dropdown"><a role="button" aria-haspopup="true" aria-expanded="false" href="#" target="_self" class="nav-link dropdown-toggle"><span>Info</span></a>
              <ul tabindex="-1" class="dropdown-menu">
                <li role="presentation"><a role="menuitem" href="https://music4dance.blog/music4dance-help/song-list/" target="_self" class="dropdown-item">Help</a></li>
                <li role="presentation"><a role="menuitem" href="https://music4dance.blog/" target="_self" class="dropdown-item">Blog</a></li>
                <li role="presentation"><a role="menuitem" href="/home/faq" target="_self" class="dropdown-item">FAQ</a></li>
                <li role="presentation"><a role="menuitem" href="/home/about" target="_self" class="dropdown-item">About music4dance</a></li>
                <li role="presentation"><a role="menuitem" href="/home/readinglist" target="_self" class="dropdown-item">Reading List</a></li>
                <li role="presentation"><a role="menuitem" href="/home/sitemap" target="_self" class="dropdown-item">Site Map</a></li>
                <li role="presentation"><a role="menuitem" href="/home/privacypolicy" target="_self" class="dropdown-item">Privacy Policy</a></li>
                <li role="presentation"><a role="menuitem" href="/home/credits" target="_self" class="dropdown-item">Credits</a></li>
              </ul>
            </li>
            <li id="contribute-menu" right="" class="nav-item"><a href="/home/contribute" target="_self" class="nav-link">Contribute</a></li>
            <!---->
          </ul>
          <ul class="navbar-nav ml-auto">
            <li class="form-inline">
              <form class="form-inline"><input type="text" placeholder="Search" class="mr-sm-2 form-control form-control-sm"> <button type="submit" disabled="disabled" class="btn my-2 my-sm-0 btn-secondary btn-sm disabled">Search</button></form>
            </li>
            <li right="" class="nav-item"><a href="/identity/account/register?returnUrl=/" target="_self" class="nav-link">Register</a></li>
            <li right="" class="nav-item"><a href="/identity/account/login?returnUrl=/" target="_self" class="nav-link">Login</a></li>
          </ul>
        </div>
      </transition-stub>
    </nav>
    <!---->
    <form id="logoutForm" action="/identity/account/logout" method="post" style="height: 0px;"><input name="__RequestVerificationToken" type="hidden" value="FOO"> <input type="hidden" name="returnUrl" value="/"> <button id="logout" type="submit" class="btn btn-link"></button></form>
  </div>
  <!---->
  <div id="body-content" class="container-fluid body-content">
    <div class="mt-2"></div>
    <div>
      <div>
        <div class="row">
          <div class="col-sm"><button class="btn btn-primary btn-lg btn-block">
              Click on Downbeat of measure 4/4
            </button></div>
        </div>
        <div class="row my-2"></div>
        <div class="row">
          <div class="col-sm">
            <fieldset class="form-group">
              <!---->
              <div>
                <div id="countMethodInternal" role="radiogroup" tabindex="-1" class="btn-group-toggle btn-group btn-group-md bv-no-focus-ring"><label class="btn btn-outline-primary btn-md active"><input id="countMethodInternal_BV_option_0" type="radio" name="radio-btn-outline" class="" value="measures"><span>Count Measures</span></label><label class="btn btn-outline-primary btn-md"><input id="countMethodInternal_BV_option_1" type="radio" name="radio-btn-outline" class="" value="beats"><span>Count Beats</span></label></div>
                <!---->
                <!---->
                <!---->
              </div>
            </fieldset>
          </div>
          <div class="col-sm">
            <div style="margin-bottom: 1rem;">
              <div role="group" class="btn-group"><button type="button" class="btn btn-primary">BPM</button> <button type="button" class="btn btn-outline-primary">100.0</button></div>
              <div>
                <!---->
              </div>
            </div>
          </div>
          <div class="col-sm">
            <div style="margin-bottom: 1rem;">
              <div role="group" class="btn-group">
                <div id="meter-selector" class="dropdown b-dropdown btn-group">
                  <!----><button id="meter-selector__BV_toggle_" aria-haspopup="menu" aria-expanded="false" type="button" class="btn dropdown-toggle btn-primary">MPM (4/4)</button>
                  <ul role="menu" tabindex="-1" aria-labelledby="meter-selector__BV_toggle_" class="dropdown-menu">
                    <li role="presentation"><a role="menuitem" href="#" target="_self" class="dropdown-item">MPM 2/4</a></li>
                    <li role="presentation"><a role="menuitem" href="#" target="_self" class="dropdown-item">MPM 3/4</a></li>
                    <li role="presentation" style="display: none;"><a role="menuitem" href="#" target="_self" class="dropdown-item">MPM 4/4</a></li>
                  </ul>
                </div> <button type="button" class="btn btn-outline-primary">25.0</button>
              </div>
              <div>
                <!---->
              </div>
            </div>
          </div>
          <div class="col-sm">
            <div class="mx-auto" style="margin-bottom: 1rem; width: 250px;"><input id="strictness" type="range" min="0" max="20" step="0.5" class="custom-range"> <label for="strictness" class="d-flex justify-content-between"><span>less</span><span class="ml-auto">more</span></label></div>
          </div>
        </div>
      </div>
      <div>
        <div class="list-group"><a href="#" target="_self" class="list-group-item d-flex justify-content-between align-items-center list-group-item-primary list-group-item-action"><span><a href="/dances/castle-foxtrot">Castle Foxtrot</a> <span><!---->
    (Slow Dance)
  </span> <span style="font-size: 0.8rem;">
    15-25 MPM</span></span> <span class="badge badge-primary" style="display: none;">0.0 MPM fast</span></a></div>
        <div class="list-group"><a href="#" target="_self" class="list-group-item d-flex justify-content-between align-items-center list-group-item-primary list-group-item-action"><span><a href="/dances/bolero">Bolero</a> <!----> <span style="font-size: 0.8rem;">
    24-26 MPM</span></span> <span class="badge badge-primary" style="display: none;">0.0 MPM fast</span></a></div>
        <div class="list-group"><a href="#" target="_self" class="list-group-item d-flex justify-content-between align-items-center list-group-item-primary list-group-item-action"><span><a href="/dances/rumba">Rumba</a> <!----> <span style="font-size: 0.8rem;">
    25-36 MPM</span></span> <span class="badge badge-primary" style="display: none;">0.0 MPM fast</span></a></div>
        <div class="list-group"><a href="#" target="_self" class="list-group-item d-flex justify-content-between align-items-center list-group-item-primary list-group-item-action"><span><a href="/dances/samba">Samba</a> <!----> <span style="font-size: 0.8rem;">
    48-52 MPM</span></span> <span class="badge badge-primary" style="display: none;">0.0 MPM fast</span></a></div>
        <div class="list-group"><a href="#" target="_self" class="list-group-item d-flex justify-content-between align-items-center list-group-item-primary list-group-item-action"><span><a href="/dances/cumbia">Cumbia</a> <!----> <span style="font-size: 0.8rem;">
    45-55 MPM</span></span> <span class="badge badge-primary" style="display: none;">0.0 MPM fast</span></a></div>
        <div class="list-group"><a href="#" target="_self" class="list-group-item d-flex justify-content-between align-items-center list-group-item-primary list-group-item-action"><span><a href="/dances/neo-tango">Neo Tango</a> <!----> <span style="font-size: 0.8rem;">
    15-25 MPM</span></span> <span class="badge badge-primary" style="display: none;">0.0 MPM fast</span></a></div>
        <div class="list-group"><a href="#" target="_self" class="list-group-item d-flex justify-content-between align-items-center list-group-item-primary list-group-item-action"><span><a href="/dances/blues">Blues</a> <!----> <span style="font-size: 0.8rem;">
    10-25 MPM</span></span> <span class="badge badge-primary" style="display: none;">0.0 MPM fast</span></a></div>
        <div class="list-group"><a href="#" target="_self" class="list-group-item d-flex justify-content-between align-items-center list-group-item-primary list-group-item-action"><span><a href="/dances/motown">Motown</a> <!----> <span style="font-size: 0.8rem;">
    20-37.5 MPM</span></span> <span class="badge badge-primary" style="display: none;">0.0 MPM fast</span></a></div>
      </div>
    </div>
  </div>
  <div id="footer-content">
    <hr>
    <footer>
      <p>
        © 2022 -
        <a href="https://www.music4dance.net">Music4Dance.net</a> -
        <a href="https://www.music4dance.net/home/sitemap">Site Map</a> -
        <a href="https://www.music4dance.net/home/termsofservice">Terms of Service</a>
        -
        <a href="https://www.music4dance.net/home/privacypolicy">Privacy Policy</a>
        - <a href="https://www.music4dance.net/home/credits">Credits</a> -
        <a href="https://music4dance.blog/music4dance-help/song-list/">Help</a>
      </p>
    </footer>
  </div>
  <!---->
</div>
`;
