// Jest Snapshot v1, https://goo.gl/fbAQLP

exports[`About.vue renders the about page 1`] = `
<div>
  <div>
    <!---->
    <!---->
    <nav class="navbar navbar-dark bg-primary navbar-expand-lg" id="mainMenu"><a href="/" target="_self" class="navbar-brand"><img src="/images/header-logo.png" height="40" title="music4dance"></a> <button type="button" aria-label="Toggle navigation" class="navbar-toggler collapsed" aria-expanded="false" aria-controls="nav-collapse"><span class="navbar-toggler-icon"></span></button>
      <transition-stub css="true" enterclass="" leaveclass="collapse show" entertoclass="collapse show" leavetoclass="collapse" enteractiveclass="collapsing" leaveactiveclass="collapsing">
        <div id="nav-collapse" class="navbar-collapse collapse" style="display: none;">
          <ul class="navbar-nav">
            <li id="music-menu" class="nav-item b-nav-dropdown dropdown"><a id="music-menu__BV_toggle_" role="button" aria-haspopup="true" aria-expanded="false" aria-controls="music-menu__BV_toggle_menu_" href="#music-menu" target="_self" class="nav-link dropdown-toggle"><span>Music</span></a>
              <ul tabindex="-1" aria-labelledby="music-menu__BV_toggle_" id="music-menu__BV_toggle_menu_" class="dropdown-menu">
                <li role="presentation"><a role="menuitem" href="/dances" target="_self" class="dropdown-item">Dances</a></li>
                <li role="presentation" class="nav-subitem"><a role="menuitem" href="/dances/ballroom-competition-categories" target="_self" class="dropdown-item">Ballroom</a></li>
                <li role="presentation" class="nav-subitem"><a role="menuitem" href="/dances/latin" target="_self" class="dropdown-item">Latin</a></li>
                <li role="presentation" class="nav-subitem"><a role="menuitem" href="/dances/swing" target="_self" class="dropdown-item">Swing</a></li>
                <li role="presentation" class="nav-subitem"><a role="menuitem" href="/dances/tango" target="_self" class="dropdown-item">Tango</a></li>
                <li role="presentation" class="nav-subitem"><a role="menuitem" href="/dances/country" target="_self" class="dropdown-item">Country</a></li>
                <li role="presentation"><a role="menuitem" href="/song" target="_self" class="dropdown-item">Song Library</a></li>
                <li role="presentation" class="nav-subitem"><a role="menuitem" href="/song/advancedsearchform" target="_self" class="dropdown-item">Advanced Search</a></li>
                <li role="presentation" class="nav-subitem"><a role="menuitem" href="/song/augment" target="_self" class="dropdown-item">Add Song</a></li>
                <li role="presentation" class="nav-subitem"><a role="menuitem" href="/song/newmusic" target="_self" class="dropdown-item">New Music</a></li>
                <li role="presentation"><a role="menuitem" href="/dances/wedding-music" target="_self" class="dropdown-item">Wedding</a></li>
                <li role="presentation"><a role="menuitem" href="/song/holidaymusic" target="_self" class="dropdown-item">Holiday</a></li>
                <li role="presentation"><a role="menuitem" href="/song/holidaymusic?occassion=halloween" target="_self" class="dropdown-item">Halloween</a></li>
                <li role="presentation"><a role="menuitem" href="/tag" target="_self" class="dropdown-item">Tags</a></li>
              </ul>
            </li>
            <li id="tools-menu" class="nav-item b-nav-dropdown dropdown"><a id="tools-menu__BV_toggle_" role="button" aria-haspopup="true" aria-expanded="false" aria-controls="tools-menu__BV_toggle_menu_" href="#tools-menu" target="_self" class="nav-link dropdown-toggle"><span>Tools</span></a>
              <ul tabindex="-1" aria-labelledby="tools-menu__BV_toggle_" id="tools-menu__BV_toggle_menu_" class="dropdown-menu">
                <li role="presentation"><a role="menuitem" href="/home/counter" target="_self" class="dropdown-item">Tempo Counter</a></li>
                <li role="presentation"><a role="menuitem" href="/home/tempi" target="_self" class="dropdown-item">Tempi (Tempos)</a></li>
                <li role="presentation"><a role="menuitem" href="/song/advancedsearchform" target="_self" class="dropdown-item">Advanced Search</a></li>
                <!---->
              </ul>
            </li>
            <li class="nav-item b-nav-dropdown dropdown"><a role="button" aria-haspopup="true" aria-expanded="false" href="#" target="_self" class="nav-link dropdown-toggle"><span>Info</span></a>
              <ul tabindex="-1" class="dropdown-menu">
                <li role="presentation"><a role="menuitem" href="https://music4dance.blog/music4dance-help/song-list/" target="_self" class="dropdown-item">Help</a></li>
                <li role="presentation"><a role="menuitem" href="https://music4dance.blog/" target="_self" class="dropdown-item">Blog</a></li>
                <li role="presentation"><a role="menuitem" href="/home/faq" target="_self" class="dropdown-item">FAQ</a></li>
                <li role="presentation"><a role="menuitem" href="/home/about" target="_self" class="dropdown-item">About music4dance</a></li>
                <li role="presentation"><a role="menuitem" href="/home/readinglist" target="_self" class="dropdown-item">Reading List</a></li>
                <li role="presentation"><a role="menuitem" href="/home/sitemap" target="_self" class="dropdown-item">Site Map</a></li>
                <li role="presentation"><a role="menuitem" href="/home/privacypolicy" target="_self" class="dropdown-item">Privacy Policy</a></li>
                <li role="presentation"><a role="menuitem" href="/home/credits" target="_self" class="dropdown-item">Credits</a></li>
              </ul>
            </li>
            <li id="contribute-menu" right="" class="nav-item"><a href="/home/contribute" target="_self" class="nav-link">Contribute</a></li>
            <!---->
          </ul>
          <ul class="navbar-nav ml-auto">
            <li class="form-inline">
              <form class="form-inline"><input type="text" placeholder="Search" class="mr-sm-2 form-control form-control-sm"> <button type="submit" disabled="disabled" class="btn my-2 my-sm-0 btn-secondary btn-sm disabled">Search</button></form>
            </li>
            <li right="" class="nav-item"><a href="/identity/account/register?returnUrl=/" target="_self" class="nav-link">Register</a></li>
            <li right="" class="nav-item"><a href="/identity/account/login?returnUrl=/" target="_self" class="nav-link">Login</a></li>
          </ul>
        </div>
      </transition-stub>
    </nav>
    <!---->
    <!---->
    <form id="logoutForm" action="/identity/account/logout" method="post" style="height: 0px;"><input name="__RequestVerificationToken" type="hidden" value="FOO"> <input type="hidden" name="returnUrl" value="/"> <button id="logout" type="submit" class="btn btn-link"></button></form>
  </div>
  <nav aria-label="breadcrumb">
    <ol class="breadcrumb" style="padding: 0.25rem 0.5rem;">
      <li class="breadcrumb-item"><a href="/" target="_self" class="">music4dance</a></li>
      <li class="breadcrumb-item"><a href="/home/info" target="_self" class="">Info</a></li>
      <li class="breadcrumb-item active"><span aria-current="location">About</span></li>
    </ol>
  </nav>
  <div id="body-content" class="container-fluid body-content">
    <h1>music4dance background info</h1>
    <div>
      <h2>About music4dance</h2>
      <p><b>music4dance</b> is a project that has been floating around in my head
        in various forms since I first started ballroom dancing - so what
        <i>is</i> music4dance, really?
      </p>
      <ul>
        <li><b>music4dance</b> is meant to help find music to dance to as well has
          help figure out what dances can be danced to a piece of music
        </li>
        <li><b>music4dance</b> intended to help DJs find new music to add to their
          playlists as well as for students and teachers to build playlists to
          practice to
        </li>
        <li><b>music4dance</b> meant to help dancers understand the relationship
          between dance and the music that they dance to
        </li>
        <li><b>music4dance</b> a place for people to find music to dance to for
          special occassions like weddings and holidy parties
        </li>
      </ul>
      <p>
        Even to make a dent in any one of those goals is pretty ambitious. That's
        about all I've done is to make a dent. I certainly haven't solved any of
        these problems to my satisfaction. So most of all music4dance is a work in
        progress and a playground for me to experiment with the intersection of
        three of my lifelong passions - music, dance and programming.
      </p>
      <p>
        And while I'm doing that, I hope that music4dance provides at least a
        partial solution to some of the above for you. I'm sure that's true for
        some and I can say that some of the most interesting features of this site
        have started as questions from the community. So please keep using the
        site and <a href="https://music4dance.blog/feedback/">let me know</a> what
        you think.
      </p>
      <p class="neutral">
        Please read my <a href="https://www.music4dance.blog">blog</a> for more
        about the history and motivation behind
        <a href="https://www.music4dance.net">music4dance</a>.
      </p>
      <h2>About me</h2>
      <p>
        I’m an amateur dancer and with some training in music who also happens to
        be a professional software engineer. I love dancing, and I particularly
        love dancing when I enjoy the music that I’m dancing to.
      </p>
      <p>
        My dance background is primarily in Ballroom. I’ve been an amateur
        competitor in the
        <a href="https://www.music4dance.net/dances/american-rhythm">American Rhythm style</a>). Recently I've moved more towards social partner dancing. As I was
        starting to work on music4dance in earnest, I dove into tap.
      </p>
      <p>
        Most of my programming time outside of my main day jobs has been related
        to music.
      </p>
      <ul>
        <li>
          When the Macintosh came out, my first thought was - Music Editor. And I
          wrote one - although I never got it to the point where I could sell it.
        </li>
        <li>
          My work study project in college was writing music theory software for
          the Macintosh
        </li>
        <li>
          When I left Corporate America to try my hand at the startup world I
          joined a company that was digitizing sheet music and did the initial
          work to take that online.
        </li>
        <li>
          When I left Corporate America for the second time to rediscover my love
          of programming (and generally find myself) I founded music4dance
        </li>
      </ul>
      <h2>My Resume</h2>
      <p><a href="/Content/DavidGray-Resume.pdf">Printable Version</a></p>
      <p><a href="/Home/Resume">Web Version</a></p>
    </div>
  </div>
  <div id="footer-content">
    <hr>
    <footer>
      <p>
        © 2022 -
        <a href="https://www.music4dance.net">Music4Dance.net</a> -
        <a href="https://www.music4dance.net/home/sitemap">Site Map</a> -
        <a href="https://www.music4dance.net/home/termsofservice">Terms of Service</a>
        -
        <a href="https://www.music4dance.net/home/privacypolicy">Privacy Policy</a>
        - <a href="https://www.music4dance.net/home/credits">Credits</a> -
        <a href="https://music4dance.blog/music4dance-help/song-list/">Help</a>
      </p>
    </footer>
  </div>
</div>
`;
