// Vitest Snapshot v1, https://vitest.dev/guide/snapshot.html

exports[`CompetitionCategory > Renders a Competition Category Page 1`] = `
"<div><span context="[object Object]">MainMenu</span>
  <!--v-if-->
  <nav aria-label="breadcrumb">
    <nav aria-label="breadcrumb" style="padding: 0.25rem 0.5rem;">
      <ol class="breadcrumb">
        <li class="breadcrumb-item"><a class="" href="/">music4dance</a></li>
        <li class="breadcrumb-item"><a class="" href="/dances">Dances</a></li>
        <li class="breadcrumb-item"><a class="" href="/dances/ballroom-competition-categories">Ballroom</a></li>
        <li class="breadcrumb-item active"><span aria-current="location">American Smooth</span></li>
      </ol>
    </nav>
  </nav>
  <div id="body-content" class="container-fluid body-content">
    <h1>American Smooth</h1>
    <div>
      <div>
        <p>American Smooth is a category of <a href="/dances/ballroom-competition-categories" target="_blank">competition ballroom dancing</a> that is defined by the <a href="http://www.worlddancesport.org/Rule/Athlete/Competition" target="_blank">World Dance Council</a> and <a href="https://www.ndca.org/pages/ndca_rule_book/Default.asp" target="_blank">National Dance Council of America</a>. </p>
        <ul style="list-style-type: disc;">
          <li> Click on any of the tempos in the table below (in the MPM, DanceSport, or NDCA columns) to go to a list of songs of that tempo </li>
          <li>Click on the dance names to go to our details information page for that dance style</li>
          <li> Read our <a href="https://music4dance.blog/im-a-ballroom-dancer-can-i-find-practice-songs-that-are-at-competition-tempo-revisited/" target="_blank"> blog post</a> for step by step instructions on using our catalog to find music of specific style and tempo. </li>
          <li><a href="/identity/account/register">Register</a> (it's free) to start building your own music lists. </li>
        </ul>
      </div>
      <div>
        <div class="d-flex justify-content-between align-items-center mb-2">
          <h4 class="mb-0">An American Smooth four dance round consists of the following:</h4>
          <div class="btn-group btn-group-sm" role="group" aria-label="Group"><button class="btn btn-md btn-primary" type="button"> BPM </button><button class="btn btn-md btn-outline-primary" type="button"> MPM </button></div>
        </div>
        <div class="table-responsive">
          <table id="BootstrapVueNext__ID__v-0__" class="table b-table table-hover table-striped" aria-busy="false">
            <!---->
            <thead class="">
              <tr class="">
                <th scope="col" class="">Name</th>
                <th scope="col" class="">DanceSport</th>
                <th scope="col" class="">NDCA</th>
                <th scope="col" class="">Meter</th>
              </tr>
              <!---->
            </thead>
            <tbody class="">
              <!---->
              <tr class="">
                <td class="">
                  <!----><a href="slow-waltz">Slow Waltz</a>
                </td>
                <td class="">
                  <!----><a href="/song/advancedsearch?dances=SWZ&amp;tempomin=84&amp;tempomax=90&amp;sortorder=Dances">84-90</a>
                </td>
                <td class="">
                  <!----><a href="/song/advancedsearch?dances=SWZ&amp;tempomin=90&amp;tempomax=90&amp;sortorder=Dances">90</a>
                </td>
                <td class="">
                  <!---->3/4
                </td>
              </tr>
              <!---->
              <tr class="">
                <td class="">
                  <!----><a href="tango-(ballroom)">Tango (Ballroom)</a>
                </td>
                <td class="">
                  <!----><a href="/song/advancedsearch?dances=TGO&amp;tempomin=120&amp;tempomax=120&amp;sortorder=Dances">120</a>
                </td>
                <td class="">
                  <!----><a href="/song/advancedsearch?dances=TGO&amp;tempomin=120&amp;tempomax=120&amp;sortorder=Dances">120</a>
                </td>
                <td class="">
                  <!---->4/4
                </td>
              </tr>
              <!---->
              <tr class="">
                <td class="">
                  <!----><a href="slow-foxtrot">Slow Foxtrot</a>
                </td>
                <td class="">
                  <!----><a href="/song/advancedsearch?dances=SFT&amp;tempomin=120&amp;tempomax=128&amp;sortorder=Dances">120-128</a>
                </td>
                <td class="">
                  <!----><a href="/song/advancedsearch?dances=SFT&amp;tempomin=120&amp;tempomax=120&amp;sortorder=Dances">120</a>
                </td>
                <td class="">
                  <!---->4/4
                </td>
              </tr>
              <!---->
              <tr class="">
                <td class="">
                  <!----><a href="viennese-waltz">Viennese Waltz</a>
                </td>
                <td class="">
                  <!----><a href="/song/advancedsearch?dances=VWZ&amp;tempomin=159&amp;tempomax=162&amp;sortorder=Dances">159-162</a>
                </td>
                <td class="">
                  <!----><a href="/song/advancedsearch?dances=VWZ&amp;tempomin=159&amp;tempomax=159&amp;sortorder=Dances">159</a>
                </td>
                <td class="">
                  <!---->3/4
                </td>
              </tr>
              <!---->
              <!---->
            </tbody>
            <!---->
            <!---->
          </table>
        </div>
      </div>
      <div>
        <div class="d-flex justify-content-between align-items-center mb-2">
          <h4 class="mb-0">Other dances categorized as American Smooth, although they aren't part of the competition round, are:</h4>
          <div class="btn-group btn-group-sm" role="group" aria-label="Group"><button class="btn btn-md btn-primary" type="button"> BPM </button><button class="btn btn-md btn-outline-primary" type="button"> MPM </button></div>
        </div>
        <div class="table-responsive">
          <table id="BootstrapVueNext__ID__v-3__" class="table b-table table-hover table-striped" aria-busy="false">
            <!---->
            <thead class="">
              <tr class="">
                <th scope="col" class="">Name</th>
                <th scope="col" class="">DanceSport</th>
                <th scope="col" class="">NDCA</th>
                <th scope="col" class="">Meter</th>
              </tr>
              <!---->
            </thead>
            <tbody class="">
              <!---->
              <tr class="">
                <td class="">
                  <!----><a href="peabody">Peabody</a>
                </td>
                <td class="">
                  <!----><a href="/song/advancedsearch?dances=PBD&amp;tempomin=240&amp;tempomax=240&amp;sortorder=Dances">240</a>
                </td>
                <td class="">
                  <!----><a href="/song/advancedsearch?dances=PBD&amp;tempomin=240&amp;tempomax=240&amp;sortorder=Dances">240</a>
                </td>
                <td class="">
                  <!---->4/4
                </td>
              </tr>
              <!---->
              <!---->
            </tbody>
            <!---->
            <!---->
          </table>
        </div>
      </div>
      <div> Other categories of <a href="/dances/ballroom-competition-categories">competition ballroom dancing</a> are: <ul>
          <li><a href="/dances/international-standard">International Standard</a></li>
          <li><a href="/dances/american-rhythm">American Rhythm</a></li>
          <li><a href="/dances/international-latin">International Latin</a></li>
        </ul>
      </div>
      <dl>
        <div>
          <div><img src="/images/icons/tools.png" alt="tools" width="24" height="24"> Explore relationships between the meter and tempi of different dance styles and find songs that match.</div>
          <div class="ms-3 my-1"><a class="btn btn-sm btn-tools" href="https://www.music4dance.net/home/tempi" role="button" style="margin-left: 1em; margin-bottom: 0.25em;"><svg viewBox="0 0 16 16" width="1.2em" height="1.2em">
                <path fill="currentColor" d="M10.804 8L5 4.633v6.734zm.792-.696a.802.802 0 0 1 0 1.392l-6.363 3.692C4.713 12.69 4 12.345 4 11.692V4.308c0-.653.713-.998 1.233-.696z"></path>
              </svg>&nbsp;Try It!</a><a class="btn btn-sm btn-tools" href="https://music4dance.blog/music4dance-help/dance-tempi/" role="button" style="margin-left: 1em; margin-bottom: 0.25em;"><svg viewBox="0 0 16 16" width="1.2em" height="1.2em">
                <g fill="currentColor">
                  <path d="M5 4a.5.5 0 0 0 0 1h6a.5.5 0 0 0 0-1zm-.5 2.5A.5.5 0 0 1 5 6h6a.5.5 0 0 1 0 1H5a.5.5 0 0 1-.5-.5M5 8a.5.5 0 0 0 0 1h6a.5.5 0 0 0 0-1zm0 2a.5.5 0 0 0 0 1h3a.5.5 0 0 0 0-1z"></path>
                  <path d="M2 2a2 2 0 0 1 2-2h8a2 2 0 0 1 2 2v12a2 2 0 0 1-2 2H4a2 2 0 0 1-2-2zm10-1H4a1 1 0 0 0-1 1v12a1 1 0 0 0 1 1h8a1 1 0 0 0 1-1V2a1 1 0 0 0-1-1"></path>
                </g>
              </svg>&nbsp;Documentation</a><a class="btn btn-sm btn-tools" href="https://music4dance.blog/tag/tempo/" role="button" style="margin-left: 1em; margin-bottom: 0.25em;"><svg viewBox="0 0 16 16" width="1.2em" height="1.2em">
                <g fill="currentColor">
                  <path d="M15.502 1.94a.5.5 0 0 1 0 .706L14.459 3.69l-2-2L13.502.646a.5.5 0 0 1 .707 0l1.293 1.293zm-1.75 2.456l-2-2L4.939 9.21a.5.5 0 0 0-.121.196l-.805 2.414a.25.25 0 0 0 .316.316l2.414-.805a.5.5 0 0 0 .196-.12l6.813-6.814z"></path>
                  <path fill-rule="evenodd" d="M1 13.5A1.5 1.5 0 0 0 2.5 15h11a1.5 1.5 0 0 0 1.5-1.5v-6a.5.5 0 0 0-1 0v6a.5.5 0 0 1-.5.5h-11a.5.5 0 0 1-.5-.5v-11a.5.5 0 0 1 .5-.5H9a.5.5 0 0 0 0-1H2.5A1.5 1.5 0 0 0 1 2.5z"></path>
                </g>
              </svg>&nbsp;Blog Posts</a></div>
          <!--v-if-->
        </div>
        <div>
          <dd><img src="/src/assets/images/icons/info.png" alt="tools" width="24" height="24"> Read the <a href="https://music4dance.blog">music4dance blog</a> entries about <a href="https://music4dance.blog/tag/ballroom">Ballroom</a>. </dd>
        </div>
      </dl>
    </div>
  </div>
  <div id="footer-content">
    <hr>
    <footer>
      <p> © 2026 - <a href="https://www.music4dance.net">Music4Dance.net</a> - <a href="https://www.music4dance.net/home/sitemap">Site Map</a> - <a href="https://www.music4dance.net/home/termsofservice">Terms of Service</a> - <a href="https://www.music4dance.net/home/privacypolicy">Privacy Policy</a> - <a href="https://www.music4dance.net/home/credits">Credits</a> - <a href="https://github.com/music4dance/music4dance" target="_blank">Code</a> - <a>Help</a></p>
    </footer>
  </div>
</div>"
`;
