// Vitest Snapshot v1, https://vitest.dev/guide/snapshot.html

exports[`DanceIndex > Renders dance-index Page 1`] = `
"<div><span context=\\"[object Object]\\">MainMenu</span>
  <nav aria-label=\\"breadcrumb\\">
    <nav aria-label=\\"breadcrumb\\" style=\\"padding: 0.25rem 0.5rem;\\">
      <ol class=\\"breadcrumb\\">
        <li class=\\"breadcrumb-item\\"><a class=\\"\\" href=\\"/\\" target=\\"_self\\">music4dance</a></li>
        <li class=\\"breadcrumb-item active\\"><span aria-current=\\"location\\">Dances</span></li>
      </ol>
    </nav>
  </nav>
  <div id=\\"body-content\\" class=\\"container-fluid body-content\\">
    <h1>Dance Styles</h1>
    <div>
      <div>
        <div class=\\"input-group mb-2\\" role=\\"group\\">
          <!----><input id=\\"bvt-dance-filter\\" class=\\"form-control\\" type=\\"text\\" placeholder=\\"Filter Dances\\">
          <div class=\\"input-group-text\\"><svg viewBox=\\"0 0 16 16\\" width=\\"1.2em\\" height=\\"1.2em\\">
              <path fill=\\"currentColor\\" d=\\"M11.742 10.344a6.5 6.5 0 1 0-1.397 1.398h-.001c.03.04.062.078.098.115l3.85 3.85a1 1 0 0 0 1.415-1.414l-3.85-3.85a1.007 1.007 0 0 0-.115-.1zM12 6.5a5.5 5.5 0 1 1-11 0a5.5 5.5 0 0 1 11 0z\\"></path>
            </svg></div>
          <!---->
        </div>
        <div class=\\"list-group\\">
          <div class=\\"list-group-item list-group-item-primary\\">
            <div class=\\"d-flex justify-content-between\\"><span><a href=\\"/dances/swing\\">Swing</a><!--v-if--><!--v-if--></span>
              <div>
                <!--v-if--><a class=\\"badge text-bg-primary text-decoration-none ms-2\\" href=\\"/dances/swing\\" target=\\"_self\\" style=\\"line-height: 1.5;\\">info</a>
              </div>
            </div>
          </div>
          <div class=\\"list-group-item list-group-item-light\\">
            <div class=\\"d-flex justify-content-between\\"><span><a href=\\"/dances/balboa\\">Balboa</a><!--v-if--><span style=\\"font-size: 0.8rem;\\" class=\\"ms-2\\">160-260 BPM/40-65 MPM</span></span>
              <div><a class=\\"badge text-bg-secondary text-decoration-none\\" href=\\"/song/index?filter=.-OOX,BBA-Dances\\" target=\\"_self\\" style=\\"line-height: 1.5;\\">songs (206)</a><a class=\\"badge text-bg-secondary text-decoration-none ms-2\\" href=\\"/dances/balboa\\" target=\\"_self\\" style=\\"line-height: 1.5;\\">info</a></div>
            </div>
          </div>
          <div class=\\"list-group-item list-group-item-light\\">
            <div class=\\"d-flex justify-content-between\\"><span><a href=\\"/dances/collegiate-shag\\">Collegiate Shag</a><!--v-if--><span style=\\"font-size: 0.8rem;\\" class=\\"ms-2\\">180-200 BPM/45-50 MPM</span></span>
              <div><a class=\\"badge text-bg-secondary text-decoration-none\\" href=\\"/song/index?filter=.-OOX,CLS-Dances\\" target=\\"_self\\" style=\\"line-height: 1.5;\\">songs (303)</a><a class=\\"badge text-bg-secondary text-decoration-none ms-2\\" href=\\"/dances/collegiate-shag\\" target=\\"_self\\" style=\\"line-height: 1.5;\\">info</a></div>
            </div>
          </div>
          <div class=\\"list-group-item list-group-item-light\\">
            <div class=\\"d-flex justify-content-between\\"><span><a href=\\"/dances/carolina-shag\\">Carolina Shag</a><!--v-if--><span style=\\"font-size: 0.8rem;\\" class=\\"ms-2\\">108-132 BPM/27-33 MPM</span></span>
              <div><a class=\\"badge text-bg-secondary text-decoration-none\\" href=\\"/song/index?filter=.-OOX,CSG-Dances\\" target=\\"_self\\" style=\\"line-height: 1.5;\\">songs (185)</a><a class=\\"badge text-bg-secondary text-decoration-none ms-2\\" href=\\"/dances/carolina-shag\\" target=\\"_self\\" style=\\"line-height: 1.5;\\">info</a></div>
            </div>
          </div>
          <div class=\\"list-group-item list-group-item-light\\">
            <div class=\\"d-flex justify-content-between\\"><span><a href=\\"/dances/charleston\\">Charleston</a><!--v-if--><span style=\\"font-size: 0.8rem;\\" class=\\"ms-2\\">200-300 BPM/50-75 MPM</span></span>
              <div><a class=\\"badge text-bg-secondary text-decoration-none\\" href=\\"/song/index?filter=.-OOX,CST-Dances\\" target=\\"_self\\" style=\\"line-height: 1.5;\\">songs (466)</a><a class=\\"badge text-bg-secondary text-decoration-none ms-2\\" href=\\"/dances/charleston\\" target=\\"_self\\" style=\\"line-height: 1.5;\\">info</a></div>
            </div>
          </div>
          <div class=\\"list-group-item list-group-item-light\\">
            <div class=\\"d-flex justify-content-between\\"><span><a href=\\"/dances/east-coast-swing\\">East Coast Swing</a><!--v-if--><span style=\\"font-size: 0.8rem;\\" class=\\"ms-2\\">136-144 BPM/34-36 MPM</span></span>
              <div><a class=\\"badge text-bg-secondary text-decoration-none\\" href=\\"/song/index?filter=.-OOX,ECS-Dances\\" target=\\"_self\\" style=\\"line-height: 1.5;\\">songs (2260)</a><a class=\\"badge text-bg-secondary text-decoration-none ms-2\\" href=\\"/dances/east-coast-swing\\" target=\\"_self\\" style=\\"line-height: 1.5;\\">info</a></div>
            </div>
          </div>
          <div class=\\"list-group-item list-group-item-light\\">
            <div class=\\"d-flex justify-content-between\\"><span><a href=\\"/dances/hustle\\">Hustle</a><!--v-if--><span style=\\"font-size: 0.8rem;\\" class=\\"ms-2\\">112-120 BPM/28-30 MPM</span></span>
              <div><a class=\\"badge text-bg-secondary text-decoration-none\\" href=\\"/song/index?filter=.-OOX,HST-Dances\\" target=\\"_self\\" style=\\"line-height: 1.5;\\">songs (939)</a><a class=\\"badge text-bg-secondary text-decoration-none ms-2\\" href=\\"/dances/hustle\\" target=\\"_self\\" style=\\"line-height: 1.5;\\">info</a></div>
            </div>
          </div>
          <div class=\\"list-group-item list-group-item-light\\">
            <div class=\\"d-flex justify-content-between\\"><span><a href=\\"/dances/jive\\">Jive</a><!--v-if--><span style=\\"font-size: 0.8rem;\\" class=\\"ms-2\\">152-176 BPM/38-44 MPM</span></span>
              <div><a class=\\"badge text-bg-secondary text-decoration-none\\" href=\\"/song/index?filter=.-OOX,JIV-Dances\\" target=\\"_self\\" style=\\"line-height: 1.5;\\">songs (1135)</a><a class=\\"badge text-bg-secondary text-decoration-none ms-2\\" href=\\"/dances/jive\\" target=\\"_self\\" style=\\"line-height: 1.5;\\">info</a></div>
            </div>
          </div>
          <div class=\\"list-group-item list-group-item-light\\">
            <div class=\\"d-flex justify-content-between\\"><span><a href=\\"/dances/jump-swing\\">Jump Swing</a><!--v-if--><span style=\\"font-size: 0.8rem;\\" class=\\"ms-2\\">160-240 BPM/40-60 MPM</span></span>
              <div><a class=\\"badge text-bg-secondary text-decoration-none\\" href=\\"/song/index?filter=.-OOX,JSW-Dances\\" target=\\"_self\\" style=\\"line-height: 1.5;\\">songs (171)</a><a class=\\"badge text-bg-secondary text-decoration-none ms-2\\" href=\\"/dances/jump-swing\\" target=\\"_self\\" style=\\"line-height: 1.5;\\">info</a></div>
            </div>
          </div>
          <div class=\\"list-group-item list-group-item-light\\">
            <div class=\\"d-flex justify-content-between\\"><span><a href=\\"/dances/west-coast-swing\\">West Coast Swing</a><!--v-if--><span style=\\"font-size: 0.8rem;\\" class=\\"ms-2\\">80-130 BPM/20-32.5 MPM</span></span>
              <div><a class=\\"badge text-bg-secondary text-decoration-none\\" href=\\"/song/index?filter=.-OOX,WCS-Dances\\" target=\\"_self\\" style=\\"line-height: 1.5;\\">songs (10199)</a><a class=\\"badge text-bg-secondary text-decoration-none ms-2\\" href=\\"/dances/west-coast-swing\\" target=\\"_self\\" style=\\"line-height: 1.5;\\">info</a></div>
            </div>
          </div>
          <div class=\\"list-group-item list-group-item-light\\">
            <div class=\\"d-flex justify-content-between\\"><span><a href=\\"/dances/lindy-hop\\">Lindy Hop</a><!--v-if--><span style=\\"font-size: 0.8rem;\\" class=\\"ms-2\\">120-180 BPM/30-45 MPM</span></span>
              <div><a class=\\"badge text-bg-secondary text-decoration-none\\" href=\\"/song/index?filter=.-OOX,LHP-Dances\\" target=\\"_self\\" style=\\"line-height: 1.5;\\">songs (1355)</a><a class=\\"badge text-bg-secondary text-decoration-none ms-2\\" href=\\"/dances/lindy-hop\\" target=\\"_self\\" style=\\"line-height: 1.5;\\">info</a></div>
            </div>
          </div>
          <div class=\\"list-group-item list-group-item-light\\">
            <div class=\\"d-flex justify-content-between\\"><span><a href=\\"/dances/single-swing\\">Single Swing</a><!--v-if--><span style=\\"font-size: 0.8rem;\\" class=\\"ms-2\\">140-184 BPM/35-46 MPM</span></span>
              <div><a class=\\"badge text-bg-secondary text-decoration-none\\" href=\\"/song/index?filter=.-OOX,SSW-Dances\\" target=\\"_self\\" style=\\"line-height: 1.5;\\">songs (168)</a><a class=\\"badge text-bg-secondary text-decoration-none ms-2\\" href=\\"/dances/single-swing\\" target=\\"_self\\" style=\\"line-height: 1.5;\\">info</a></div>
            </div>
          </div>
          <div class=\\"list-group-item list-group-item-primary\\">
            <div class=\\"d-flex justify-content-between\\"><span><a href=\\"/dances/tango\\">Tango</a><!--v-if--><!--v-if--></span>
              <div>
                <!--v-if--><a class=\\"badge text-bg-primary text-decoration-none ms-2\\" href=\\"/dances/tango\\" target=\\"_self\\" style=\\"line-height: 1.5;\\">info</a>
              </div>
            </div>
          </div>
          <div class=\\"list-group-item list-group-item-light\\">
            <div class=\\"d-flex justify-content-between\\"><span><a href=\\"/dances/tango-(ballroom)\\">Tango (Ballroom)</a><!--v-if--><span style=\\"font-size: 0.8rem;\\" class=\\"ms-2\\">120-128 BPM/30-32 MPM</span></span>
              <div><a class=\\"badge text-bg-secondary text-decoration-none\\" href=\\"/song/index?filter=.-OOX,TGO-Dances\\" target=\\"_self\\" style=\\"line-height: 1.5;\\">songs (1269)</a><a class=\\"badge text-bg-secondary text-decoration-none ms-2\\" href=\\"/dances/tango-(ballroom)\\" target=\\"_self\\" style=\\"line-height: 1.5;\\">info</a></div>
            </div>
          </div>
          <div class=\\"list-group-item list-group-item-light\\">
            <div class=\\"d-flex justify-content-between\\"><span><a href=\\"/dances/argentine-tango\\">Argentine Tango</a><!--v-if--><span style=\\"font-size: 0.8rem;\\" class=\\"ms-2\\">112-140 BPM/28-35 MPM</span></span>
              <div><a class=\\"badge text-bg-secondary text-decoration-none\\" href=\\"/song/index?filter=.-OOX,ATN-Dances\\" target=\\"_self\\" style=\\"line-height: 1.5;\\">songs (393)</a><a class=\\"badge text-bg-secondary text-decoration-none ms-2\\" href=\\"/dances/argentine-tango\\" target=\\"_self\\" style=\\"line-height: 1.5;\\">info</a></div>
            </div>
          </div>
          <div class=\\"list-group-item list-group-item-light\\">
            <div class=\\"d-flex justify-content-between\\"><span><a href=\\"/dances/neo-tango\\">Neo Tango</a><!--v-if--><span style=\\"font-size: 0.8rem;\\" class=\\"ms-2\\">60-100 BPM/15-25 MPM</span></span>
              <div><a class=\\"badge text-bg-secondary text-decoration-none\\" href=\\"/song/index?filter=.-OOX,NTN-Dances\\" target=\\"_self\\" style=\\"line-height: 1.5;\\">songs (67)</a><a class=\\"badge text-bg-secondary text-decoration-none ms-2\\" href=\\"/dances/neo-tango\\" target=\\"_self\\" style=\\"line-height: 1.5;\\">info</a></div>
            </div>
          </div>
          <div class=\\"list-group-item list-group-item-light\\">
            <div class=\\"d-flex justify-content-between\\"><span><a href=\\"/dances/milonga\\">Milonga</a><!--v-if--><span style=\\"font-size: 0.8rem;\\" class=\\"ms-2\\">176-224 BPM/44-56 MPM</span></span>
              <div><a class=\\"badge text-bg-secondary text-decoration-none\\" href=\\"/song/index?filter=.-OOX,MGA-Dances\\" target=\\"_self\\" style=\\"line-height: 1.5;\\">songs (75)</a><a class=\\"badge text-bg-secondary text-decoration-none ms-2\\" href=\\"/dances/milonga\\" target=\\"_self\\" style=\\"line-height: 1.5;\\">info</a></div>
            </div>
          </div>
          <div class=\\"list-group-item list-group-item-light\\">
            <div class=\\"d-flex justify-content-between\\"><span><a href=\\"/dances/tango-vals\\">Tango Vals</a><!--v-if--><span style=\\"font-size: 0.8rem;\\" class=\\"ms-2\\">150-240 BPM/50-80 MPM</span></span>
              <div><a class=\\"badge text-bg-secondary text-decoration-none\\" href=\\"/song/index?filter=.-OOX,TGV-Dances\\" target=\\"_self\\" style=\\"line-height: 1.5;\\">songs (134)</a><a class=\\"badge text-bg-secondary text-decoration-none ms-2\\" href=\\"/dances/tango-vals\\" target=\\"_self\\" style=\\"line-height: 1.5;\\">info</a></div>
            </div>
          </div>
          <div class=\\"list-group-item list-group-item-primary\\">
            <div class=\\"d-flex justify-content-between\\"><span><a href=\\"/dances/waltz\\">Waltz</a><!--v-if--><!--v-if--></span>
              <div>
                <!--v-if--><a class=\\"badge text-bg-primary text-decoration-none ms-2\\" href=\\"/dances/waltz\\" target=\\"_self\\" style=\\"line-height: 1.5;\\">info</a>
              </div>
            </div>
          </div>
          <div class=\\"list-group-item list-group-item-light\\">
            <div class=\\"d-flex justify-content-between\\"><span><a href=\\"/dances/cross-step-waltz\\">Cross-step Waltz</a><!--v-if--><span style=\\"font-size: 0.8rem;\\" class=\\"ms-2\\">108-120 BPM/36-40 MPM</span></span>
              <div><a class=\\"badge text-bg-secondary text-decoration-none\\" href=\\"/song/index?filter=.-OOX,CSW-Dances\\" target=\\"_self\\" style=\\"line-height: 1.5;\\">songs (47)</a><a class=\\"badge text-bg-secondary text-decoration-none ms-2\\" href=\\"/dances/cross-step-waltz\\" target=\\"_self\\" style=\\"line-height: 1.5;\\">info</a></div>
            </div>
          </div>
          <div class=\\"list-group-item list-group-item-light\\">
            <div class=\\"d-flex justify-content-between\\"><span><a href=\\"/dances/slow-waltz\\">Slow Waltz</a><!--v-if--><span style=\\"font-size: 0.8rem;\\" class=\\"ms-2\\">84-90 BPM/28-30 MPM</span></span>
              <div><a class=\\"badge text-bg-secondary text-decoration-none\\" href=\\"/song/index?filter=.-OOX,SWZ-Dances\\" target=\\"_self\\" style=\\"line-height: 1.5;\\">songs (1634)</a><a class=\\"badge text-bg-secondary text-decoration-none ms-2\\" href=\\"/dances/slow-waltz\\" target=\\"_self\\" style=\\"line-height: 1.5;\\">info</a></div>
            </div>
          </div>
          <div class=\\"list-group-item list-group-item-light\\">
            <div class=\\"d-flex justify-content-between\\"><span><a href=\\"/dances/viennese-waltz\\">Viennese Waltz</a><!--v-if--><span style=\\"font-size: 0.8rem;\\" class=\\"ms-2\\">159-174 BPM/53-58 MPM</span></span>
              <div><a class=\\"badge text-bg-secondary text-decoration-none\\" href=\\"/song/index?filter=.-OOX,VWZ-Dances\\" target=\\"_self\\" style=\\"line-height: 1.5;\\">songs (1848)</a><a class=\\"badge text-bg-secondary text-decoration-none ms-2\\" href=\\"/dances/viennese-waltz\\" target=\\"_self\\" style=\\"line-height: 1.5;\\">info</a></div>
            </div>
          </div>
          <div class=\\"list-group-item list-group-item-light\\">
            <div class=\\"d-flex justify-content-between\\"><span><a href=\\"/dances/tango-vals\\">Tango Vals</a><!--v-if--><span style=\\"font-size: 0.8rem;\\" class=\\"ms-2\\">150-240 BPM/50-80 MPM</span></span>
              <div><a class=\\"badge text-bg-secondary text-decoration-none\\" href=\\"/song/index?filter=.-OOX,TGV-Dances\\" target=\\"_self\\" style=\\"line-height: 1.5;\\">songs (134)</a><a class=\\"badge text-bg-secondary text-decoration-none ms-2\\" href=\\"/dances/tango-vals\\" target=\\"_self\\" style=\\"line-height: 1.5;\\">info</a></div>
            </div>
          </div>
          <div class=\\"list-group-item list-group-item-primary\\">
            <div class=\\"d-flex justify-content-between\\"><span><a href=\\"/dances/foxtrot\\">Foxtrot</a><!--v-if--><!--v-if--></span>
              <div>
                <!--v-if--><a class=\\"badge text-bg-primary text-decoration-none ms-2\\" href=\\"/dances/foxtrot\\" target=\\"_self\\" style=\\"line-height: 1.5;\\">info</a>
              </div>
            </div>
          </div>
          <div class=\\"list-group-item list-group-item-light\\">
            <div class=\\"d-flex justify-content-between\\"><span><a href=\\"/dances/castle-foxtrot\\">Castle Foxtrot</a><!--v-if--><span style=\\"font-size: 0.8rem;\\" class=\\"ms-2\\">60-100 BPM/15-25 MPM</span></span>
              <div><a class=\\"badge text-bg-secondary text-decoration-none\\" href=\\"/song/index?filter=.-OOX,CFT-Dances\\" target=\\"_self\\" style=\\"line-height: 1.5;\\">songs (479)</a><a class=\\"badge text-bg-secondary text-decoration-none ms-2\\" href=\\"/dances/castle-foxtrot\\" target=\\"_self\\" style=\\"line-height: 1.5;\\">info</a></div>
            </div>
          </div>
          <div class=\\"list-group-item list-group-item-light\\">
            <div class=\\"d-flex justify-content-between\\"><span><a href=\\"/dances/slow-foxtrot\\">Slow Foxtrot</a><!--v-if--><span style=\\"font-size: 0.8rem;\\" class=\\"ms-2\\">112-136 BPM/28-34 MPM</span></span>
              <div><a class=\\"badge text-bg-secondary text-decoration-none\\" href=\\"/song/index?filter=.-OOX,SFT-Dances\\" target=\\"_self\\" style=\\"line-height: 1.5;\\">songs (2703)</a><a class=\\"badge text-bg-secondary text-decoration-none ms-2\\" href=\\"/dances/slow-foxtrot\\" target=\\"_self\\" style=\\"line-height: 1.5;\\">info</a></div>
            </div>
          </div>
          <div class=\\"list-group-item list-group-item-light\\">
            <div class=\\"d-flex justify-content-between\\"><span><a href=\\"/dances/quickstep\\">Quickstep</a><!--v-if--><span style=\\"font-size: 0.8rem;\\" class=\\"ms-2\\">192-208 BPM/48-52 MPM</span></span>
              <div><a class=\\"badge text-bg-secondary text-decoration-none\\" href=\\"/song/index?filter=.-OOX,QST-Dances\\" target=\\"_self\\" style=\\"line-height: 1.5;\\">songs (1188)</a><a class=\\"badge text-bg-secondary text-decoration-none ms-2\\" href=\\"/dances/quickstep\\" target=\\"_self\\" style=\\"line-height: 1.5;\\">info</a></div>
            </div>
          </div>
          <div class=\\"list-group-item list-group-item-light\\">
            <div class=\\"d-flex justify-content-between\\"><span><a href=\\"/dances/peabody\\">Peabody</a><!--v-if--><span style=\\"font-size: 0.8rem;\\" class=\\"ms-2\\">240-248 BPM/60-62 MPM</span></span>
              <div><a class=\\"badge text-bg-secondary text-decoration-none\\" href=\\"/song/index?filter=.-OOX,PBD-Dances\\" target=\\"_self\\" style=\\"line-height: 1.5;\\">songs (134)</a><a class=\\"badge text-bg-secondary text-decoration-none ms-2\\" href=\\"/dances/peabody\\" target=\\"_self\\" style=\\"line-height: 1.5;\\">info</a></div>
            </div>
          </div>
          <div class=\\"list-group-item list-group-item-primary\\">
            <div class=\\"d-flex justify-content-between\\"><span><a href=\\"/dances/latin\\">Latin</a><!--v-if--><!--v-if--></span>
              <div>
                <!--v-if--><a class=\\"badge text-bg-primary text-decoration-none ms-2\\" href=\\"/dances/latin\\" target=\\"_self\\" style=\\"line-height: 1.5;\\">info</a>
              </div>
            </div>
          </div>
          <div class=\\"list-group-item list-group-item-light\\">
            <div class=\\"d-flex justify-content-between\\"><span><a href=\\"/dances/bolero\\">Bolero</a><!--v-if--><span style=\\"font-size: 0.8rem;\\" class=\\"ms-2\\">96-104 BPM/24-26 MPM</span></span>
              <div><a class=\\"badge text-bg-secondary text-decoration-none\\" href=\\"/song/index?filter=.-OOX,BOL-Dances\\" target=\\"_self\\" style=\\"line-height: 1.5;\\">songs (678)</a><a class=\\"badge text-bg-secondary text-decoration-none ms-2\\" href=\\"/dances/bolero\\" target=\\"_self\\" style=\\"line-height: 1.5;\\">info</a></div>
            </div>
          </div>
          <div class=\\"list-group-item list-group-item-light\\">
            <div class=\\"d-flex justify-content-between\\"><span><a href=\\"/dances/bossa-nova\\">Bossa Nova</a><!--v-if--><span style=\\"font-size: 0.8rem;\\" class=\\"ms-2\\">60-90 BPM/15-22.5 MPM</span></span>
              <div><a class=\\"badge text-bg-secondary text-decoration-none\\" href=\\"/song/index?filter=.-OOX,BSN-Dances\\" target=\\"_self\\" style=\\"line-height: 1.5;\\">songs (87)</a><a class=\\"badge text-bg-secondary text-decoration-none ms-2\\" href=\\"/dances/bossa-nova\\" target=\\"_self\\" style=\\"line-height: 1.5;\\">info</a></div>
            </div>
          </div>
          <div class=\\"list-group-item list-group-item-light\\">
            <div class=\\"d-flex justify-content-between\\"><span><a href=\\"/dances/cha-cha\\">Cha Cha</a><!--v-if--><span style=\\"font-size: 0.8rem;\\" class=\\"ms-2\\">120-124 BPM/30-31 MPM</span></span>
              <div><a class=\\"badge text-bg-secondary text-decoration-none\\" href=\\"/song/index?filter=.-OOX,CHA-Dances\\" target=\\"_self\\" style=\\"line-height: 1.5;\\">songs (18442)</a><a class=\\"badge text-bg-secondary text-decoration-none ms-2\\" href=\\"/dances/cha-cha\\" target=\\"_self\\" style=\\"line-height: 1.5;\\">info</a></div>
            </div>
          </div>
          <div class=\\"list-group-item list-group-item-light\\">
            <div class=\\"d-flex justify-content-between\\"><span><a href=\\"/dances/mambo\\">Mambo</a><!--v-if--><span style=\\"font-size: 0.8rem;\\" class=\\"ms-2\\">188-204 BPM/47-51 MPM</span></span>
              <div><a class=\\"badge text-bg-secondary text-decoration-none\\" href=\\"/song/index?filter=.-OOX,MBO-Dances\\" target=\\"_self\\" style=\\"line-height: 1.5;\\">songs (753)</a><a class=\\"badge text-bg-secondary text-decoration-none ms-2\\" href=\\"/dances/mambo\\" target=\\"_self\\" style=\\"line-height: 1.5;\\">info</a></div>
            </div>
          </div>
          <div class=\\"list-group-item list-group-item-light\\">
            <div class=\\"d-flex justify-content-between\\"><span><a href=\\"/dances/rumba\\">Rumba</a><!--v-if--><span style=\\"font-size: 0.8rem;\\" class=\\"ms-2\\">100-144 BPM/25-36 MPM</span></span>
              <div><a class=\\"badge text-bg-secondary text-decoration-none\\" href=\\"/song/index?filter=.-OOX,RMB-Dances\\" target=\\"_self\\" style=\\"line-height: 1.5;\\">songs (3094)</a><a class=\\"badge text-bg-secondary text-decoration-none ms-2\\" href=\\"/dances/rumba\\" target=\\"_self\\" style=\\"line-height: 1.5;\\">info</a></div>
            </div>
          </div>
          <div class=\\"list-group-item list-group-item-light\\">
            <div class=\\"d-flex justify-content-between\\"><span><a href=\\"/dances/paso-doble\\">Paso Doble</a><!--v-if--><span style=\\"font-size: 0.8rem;\\" class=\\"ms-2\\">116-124 BPM/58-62 MPM</span></span>
              <div><a class=\\"badge text-bg-secondary text-decoration-none\\" href=\\"/song/index?filter=.-OOX,PDL-Dances\\" target=\\"_self\\" style=\\"line-height: 1.5;\\">songs (183)</a><a class=\\"badge text-bg-secondary text-decoration-none ms-2\\" href=\\"/dances/paso-doble\\" target=\\"_self\\" style=\\"line-height: 1.5;\\">info</a></div>
            </div>
          </div>
          <div class=\\"list-group-item list-group-item-light\\">
            <div class=\\"d-flex justify-content-between\\"><span><a href=\\"/dances/samba\\">Samba</a><!--v-if--><span style=\\"font-size: 0.8rem;\\" class=\\"ms-2\\">96-104 BPM/48-52 MPM</span></span>
              <div><a class=\\"badge text-bg-secondary text-decoration-none\\" href=\\"/song/index?filter=.-OOX,SMB-Dances\\" target=\\"_self\\" style=\\"line-height: 1.5;\\">songs (1554)</a><a class=\\"badge text-bg-secondary text-decoration-none ms-2\\" href=\\"/dances/samba\\" target=\\"_self\\" style=\\"line-height: 1.5;\\">info</a></div>
            </div>
          </div>
          <div class=\\"list-group-item list-group-item-light\\">
            <div class=\\"d-flex justify-content-between\\"><span><a href=\\"/dances/salsa\\">Salsa</a><!--v-if--><span style=\\"font-size: 0.8rem;\\" class=\\"ms-2\\">160-220 BPM/40-55 MPM</span></span>
              <div><a class=\\"badge text-bg-secondary text-decoration-none\\" href=\\"/song/index?filter=.-OOX,SLS-Dances\\" target=\\"_self\\" style=\\"line-height: 1.5;\\">songs (7631)</a><a class=\\"badge text-bg-secondary text-decoration-none ms-2\\" href=\\"/dances/salsa\\" target=\\"_self\\" style=\\"line-height: 1.5;\\">info</a></div>
            </div>
          </div>
          <div class=\\"list-group-item list-group-item-light\\">
            <div class=\\"d-flex justify-content-between\\"><span><a href=\\"/dances/bachata\\">Bachata</a><!--v-if--><span style=\\"font-size: 0.8rem;\\" class=\\"ms-2\\">108-152 BPM/27-38 MPM</span></span>
              <div><a class=\\"badge text-bg-secondary text-decoration-none\\" href=\\"/song/index?filter=.-OOX,BCH-Dances\\" target=\\"_self\\" style=\\"line-height: 1.5;\\">songs (1177)</a><a class=\\"badge text-bg-secondary text-decoration-none ms-2\\" href=\\"/dances/bachata\\" target=\\"_self\\" style=\\"line-height: 1.5;\\">info</a></div>
            </div>
          </div>
          <div class=\\"list-group-item list-group-item-light\\">
            <div class=\\"d-flex justify-content-between\\"><span><a href=\\"/dances/cumbia\\">Cumbia</a><!--v-if--><span style=\\"font-size: 0.8rem;\\" class=\\"ms-2\\">90-110 BPM/45-55 MPM</span></span>
              <div><a class=\\"badge text-bg-secondary text-decoration-none\\" href=\\"/song/index?filter=.-OOX,CMB-Dances\\" target=\\"_self\\" style=\\"line-height: 1.5;\\">songs (1248)</a><a class=\\"badge text-bg-secondary text-decoration-none ms-2\\" href=\\"/dances/cumbia\\" target=\\"_self\\" style=\\"line-height: 1.5;\\">info</a></div>
            </div>
          </div>
          <div class=\\"list-group-item list-group-item-light\\">
            <div class=\\"d-flex justify-content-between\\"><span><a href=\\"/dances/merengue\\">Merengue</a><!--v-if--><span style=\\"font-size: 0.8rem;\\" class=\\"ms-2\\">58-64 BPM/29-32 MPM</span></span>
              <div><a class=\\"badge text-bg-secondary text-decoration-none\\" href=\\"/song/index?filter=.-OOX,MRG-Dances\\" target=\\"_self\\" style=\\"line-height: 1.5;\\">songs (918)</a><a class=\\"badge text-bg-secondary text-decoration-none ms-2\\" href=\\"/dances/merengue\\" target=\\"_self\\" style=\\"line-height: 1.5;\\">info</a></div>
            </div>
          </div>
          <div class=\\"list-group-item list-group-item-primary\\">
            <div class=\\"d-flex justify-content-between\\"><span><a href=\\"/dances/other\\">Other</a><!--v-if--><!--v-if--></span>
              <div>
                <!--v-if--><a class=\\"badge text-bg-primary text-decoration-none ms-2\\" href=\\"/dances/other\\" target=\\"_self\\" style=\\"line-height: 1.5;\\">info</a>
              </div>
            </div>
          </div>
          <div class=\\"list-group-item list-group-item-light\\">
            <div class=\\"d-flex justify-content-between\\"><span><a href=\\"/dances/blues\\">Blues</a><!--v-if--><span style=\\"font-size: 0.8rem;\\" class=\\"ms-2\\">40-100 BPM/10-25 MPM</span></span>
              <div><a class=\\"badge text-bg-secondary text-decoration-none\\" href=\\"/song/index?filter=.-OOX,BLU-Dances\\" target=\\"_self\\" style=\\"line-height: 1.5;\\">songs (1169)</a><a class=\\"badge text-bg-secondary text-decoration-none ms-2\\" href=\\"/dances/blues\\" target=\\"_self\\" style=\\"line-height: 1.5;\\">info</a></div>
            </div>
          </div>
          <div class=\\"list-group-item list-group-item-light\\">
            <div class=\\"d-flex justify-content-between\\"><span><a href=\\"/dances/country-two-step\\">Country Two Step</a><!--v-if--><span style=\\"font-size: 0.8rem;\\" class=\\"ms-2\\">168-200 BPM/84-100 MPM</span></span>
              <div><a class=\\"badge text-bg-secondary text-decoration-none\\" href=\\"/song/index?filter=.-OOX,C2S-Dances\\" target=\\"_self\\" style=\\"line-height: 1.5;\\">songs (152)</a><a class=\\"badge text-bg-secondary text-decoration-none ms-2\\" href=\\"/dances/country-two-step\\" target=\\"_self\\" style=\\"line-height: 1.5;\\">info</a></div>
            </div>
          </div>
          <div class=\\"list-group-item list-group-item-light\\">
            <div class=\\"d-flex justify-content-between\\"><span><a href=\\"/dances/motown\\">Motown</a><!--v-if--><span style=\\"font-size: 0.8rem;\\" class=\\"ms-2\\">80-150 BPM/20-37.5 MPM</span></span>
              <div><a class=\\"badge text-bg-secondary text-decoration-none\\" href=\\"/song/index?filter=.-OOX,MWT-Dances\\" target=\\"_self\\" style=\\"line-height: 1.5;\\">songs (104)</a><a class=\\"badge text-bg-secondary text-decoration-none ms-2\\" href=\\"/dances/motown\\" target=\\"_self\\" style=\\"line-height: 1.5;\\">info</a></div>
            </div>
          </div>
          <div class=\\"list-group-item list-group-item-light\\">
            <div class=\\"d-flex justify-content-between\\"><span><a href=\\"/dances/night-club-two-step\\">Night Club Two Step</a><!--v-if--><span style=\\"font-size: 0.8rem;\\" class=\\"ms-2\\">50-92 BPM/12.5-23 MPM</span></span>
              <div><a class=\\"badge text-bg-secondary text-decoration-none\\" href=\\"/song/index?filter=.-OOX,NC2-Dances\\" target=\\"_self\\" style=\\"line-height: 1.5;\\">songs (665)</a><a class=\\"badge text-bg-secondary text-decoration-none ms-2\\" href=\\"/dances/night-club-two-step\\" target=\\"_self\\" style=\\"line-height: 1.5;\\">info</a></div>
            </div>
          </div>
          <div class=\\"list-group-item list-group-item-light\\">
            <div class=\\"d-flex justify-content-between\\"><span><a href=\\"/dances/polka\\">Polka</a><!--v-if--><span style=\\"font-size: 0.8rem;\\" class=\\"ms-2\\">120-124 BPM/60-62 MPM</span></span>
              <div><a class=\\"badge text-bg-secondary text-decoration-none\\" href=\\"/song/index?filter=.-OOX,PLK-Dances\\" target=\\"_self\\" style=\\"line-height: 1.5;\\">songs (272)</a><a class=\\"badge text-bg-secondary text-decoration-none ms-2\\" href=\\"/dances/polka\\" target=\\"_self\\" style=\\"line-height: 1.5;\\">info</a></div>
            </div>
          </div>
          <div class=\\"list-group-item list-group-item-primary\\">
            <div class=\\"d-flex justify-content-between\\"><span><a href=\\"/dances/performance\\">Performance</a><!--v-if--><!--v-if--></span>
              <div>
                <!--v-if--><a class=\\"badge text-bg-primary text-decoration-none ms-2\\" href=\\"/dances/performance\\" target=\\"_self\\" style=\\"line-height: 1.5;\\">info</a>
              </div>
            </div>
          </div>
          <div class=\\"list-group-item list-group-item-light\\">
            <div class=\\"d-flex justify-content-between\\"><span><a href=\\"/dances/bollywood\\">Bollywood</a><!--v-if--><!--v-if--></span>
              <div><a class=\\"badge text-bg-secondary text-decoration-none\\" href=\\"/song/index?filter=.-OOX,BWD-Dances\\" target=\\"_self\\" style=\\"line-height: 1.5;\\">songs (1)</a><a class=\\"badge text-bg-secondary text-decoration-none ms-2\\" href=\\"/dances/bollywood\\" target=\\"_self\\" style=\\"line-height: 1.5;\\">info</a></div>
            </div>
          </div>
          <div class=\\"list-group-item list-group-item-light\\">
            <div class=\\"d-flex justify-content-between\\"><span><a href=\\"/dances/contemporary\\">Contemporary</a><!--v-if--><!--v-if--></span>
              <div><a class=\\"badge text-bg-secondary text-decoration-none\\" href=\\"/song/index?filter=.-OOX,CNT-Dances\\" target=\\"_self\\" style=\\"line-height: 1.5;\\">songs (64)</a><a class=\\"badge text-bg-secondary text-decoration-none ms-2\\" href=\\"/dances/contemporary\\" target=\\"_self\\" style=\\"line-height: 1.5;\\">info</a></div>
            </div>
          </div>
          <div class=\\"list-group-item list-group-item-light\\">
            <div class=\\"d-flex justify-content-between\\"><span><a href=\\"/dances/freestyle\\">Freestyle</a><!--v-if--><!--v-if--></span>
              <div><a class=\\"badge text-bg-secondary text-decoration-none\\" href=\\"/song/index?filter=.-OOX,FST-Dances\\" target=\\"_self\\" style=\\"line-height: 1.5;\\">songs (57)</a><a class=\\"badge text-bg-secondary text-decoration-none ms-2\\" href=\\"/dances/freestyle\\" target=\\"_self\\" style=\\"line-height: 1.5;\\">info</a></div>
            </div>
          </div>
          <div class=\\"list-group-item list-group-item-light\\">
            <div class=\\"d-flex justify-content-between\\"><span><a href=\\"/dances/jazz\\">Jazz</a><!--v-if--><!--v-if--></span>
              <div><a class=\\"badge text-bg-secondary text-decoration-none\\" href=\\"/song/index?filter=.-OOX,JAZ-Dances\\" target=\\"_self\\" style=\\"line-height: 1.5;\\">songs (68)</a><a class=\\"badge text-bg-secondary text-decoration-none ms-2\\" href=\\"/dances/jazz\\" target=\\"_self\\" style=\\"line-height: 1.5;\\">info</a></div>
            </div>
          </div>
        </div>
      </div>
      <h2 class=\\"mt-2\\">Other Resources:</h2>
      <p id=\\"competition\\"> Check out our more traditional ballroom competition categories including <a href=\\"/dances/international-standard\\">International Standard</a>, <a href=\\"/dances/international-latin\\">International Latin</a>, <a href=\\"/dances/american-smooth\\">American Smooth</a> and <a href=\\"/dances/american-rhythm\\">American Rhythm</a> by going to our <a href=\\"/dances/ballroom-competition-categories\\">Ballroom competition categories</a> page. </p>
      <p id=\\"wedding\\"> We also have songs cross-indexed by style of dance and type of wedding event on our <a href=\\"/dances/wedding-music\\">Wedding Dance Music</a> page. </p>
      <p id=\\"tempi\\"> Our <a href=\\"/home/tempi\\">Tempi (Tempos)</a> tool shows this same list of dances with additional information and the ability to filter and sort in different ways.. </p>
      <p> Don't agree with how we've organized dance styles? Well, we're not convinced there is a \\"right way\\" but we're doing some research to see if we can find a better way (or maybe multiple ways). Please help us out by <a href=\\"https://music4dance.blog/feedback/\\" target=\\"_blank\\">sending us feedback</a> so that we can include your ideas about how to organize dance styles in the future. </p>
    </div>
  </div>
  <div id=\\"footer-content\\">
    <hr>
    <footer>
      <p> © 2023 - <a href=\\"https://www.music4dance.net\\">Music4Dance.net</a> - <a href=\\"https://www.music4dance.net/home/sitemap\\">Site Map</a> - <a href=\\"https://www.music4dance.net/home/termsofservice\\">Terms of Service</a> - <a href=\\"https://www.music4dance.net/home/privacypolicy\\">Privacy Policy</a> - <a href=\\"https://www.music4dance.net/home/credits\\">Credits</a> - <a>Help</a></p>
    </footer>
  </div>
</div>"
`;
