// Vitest Snapshot v1, https://vitest.dev/guide/snapshot.html

exports[`AdvancedSearch.vue > renders the advanced search page 1`] = `
"<div><span context=\\"[object Object]\\">MainMenu</span>
  <!--v-if-->
  <div id=\\"body-content\\" class=\\"container-fluid body-content\\">
    <div class=\\"mt-2\\"></div>
    <div>
      <h1 class=\\"col-sm-12\\" style=\\"font-size: 22px; text-align: center;\\">Advanced Song Search</h1>
      <div style=\\"max-width: 600px; margin-left: auto; margin-right: auto;\\">
        <form id=\\"advanced-search\\" novalidate=\\"\\" class=\\"\\">
          <div class=\\"\\" id=\\"searchStringGroup\\" role=\\"group\\"><label id=\\"__BVID__812069___BV__BV_label___\\" for=\\"searchString\\" class=\\"form-label d-block\\">Keywords:</label>
            <div class=\\"\\"><input id=\\"searchString\\" class=\\"form-control\\" type=\\"text\\" placeholder=\\"Enter Keywords from title, artist, etc... OR a Spotify or Apple share link\\">
              <!---->
              <!---->
              <!---->
            </div>
          </div>
          <fieldset class=\\"\\" id=\\"__BVID__676017___BV___\\">
            <legend id=\\"__BVID__749463___BV__BV_label___\\" tabindex=\\"-1\\" class=\\"form-label bv-no-focus-ring col-form-label pt-0\\">Dances:</legend>
            <div class=\\"\\">
              <div style=\\"border: 1px solid #ced4da;\\">
                <div id=\\"__BVID__317661___BV___\\" class=\\"b-form-tags form-control h-auto mb-2 mt-2\\" role=\\"group\\" tabindex=\\"-1\\" style=\\"border-style: hidden;\\"><output id=\\"__BVID__317661___BV___selected_tags__\\" class=\\"visually-hidden\\" for=\\"__BVID__317661___BV___input__\\" aria-live=\\"off\\" aria-atomic=\\"true\\" aria-relevant=\\"additions text\\">BOL, RMB</output>
                  <div id=\\"__BVID__317661___BV___removed_tags__\\" role=\\"status\\" aria-live=\\"off\\" aria-atomic=\\"true\\" class=\\"visually-hidden\\"> (Tag removed) </div>
                  <ul class=\\"list-inline d-inline-block mb-2\\">
                    <li class=\\"list-inline-item\\"><span id=\\"__BVID__051985___BV___\\" title=\\"Bolero\\" class=\\"badge b-form-tag d-inline-flex align-items-center mw-100 text-bg-primary\\" aria-labelledby=\\"__BVID__051985___BV___taglabel__\\" data-bs-theme=\\"dark\\"><span id=\\"__BVID__051985___BV___taglabel__\\" class=\\"b-form-tag-content flex-grow-1 text-truncate\\">Bolero</span><button type=\\"button\\" class=\\"btn-close b-form-tag-remove\\" aria-label=\\"Remove tag\\" aria-keyshortcuts=\\"Delete\\" aria-describedby=\\"__BVID__051985___BV___taglabel__\\"></button></span></li>
                    <li class=\\"list-inline-item\\"><span id=\\"__BVID__821025___BV___\\" title=\\"Rumba\\" class=\\"badge b-form-tag d-inline-flex align-items-center mw-100 text-bg-primary\\" aria-labelledby=\\"__BVID__821025___BV___taglabel__\\" data-bs-theme=\\"dark\\"><span id=\\"__BVID__821025___BV___taglabel__\\" class=\\"b-form-tag-content flex-grow-1 text-truncate\\">Rumba</span><button type=\\"button\\" class=\\"btn-close b-form-tag-remove\\" aria-label=\\"Remove tag\\" aria-keyshortcuts=\\"Delete\\" aria-describedby=\\"__BVID__821025___BV___taglabel__\\"></button></span></li>
                  </ul>
                  <div class=\\"d-grid btn-group tag-dropdown\\"><button class=\\"btn btn-sm btn-outline-secondary dropdown-toggle\\" type=\\"button\\" id=\\"__BVID__880770___BV_dropdown__\\" aria-expanded=\\"false\\" aria-haspopup=\\"menu\\"><svg viewBox=\\"0 0 16 16\\" width=\\"1.2em\\" height=\\"1.2em\\">
                        <path fill=\\"currentColor\\" d=\\"M2 1a1 1 0 0 0-1 1v4.586a1 1 0 0 0 .293.707l7 7a1 1 0 0 0 1.414 0l4.586-4.586a1 1 0 0 0 0-1.414l-7-7A1 1 0 0 0 6.586 1zm4 3.5a1.5 1.5 0 1 1-3 0a1.5 1.5 0 0 1 3 0\\"></path>
                      </svg> Choose Dances</button>
                    <!---->
                    <ul style=\\"position: absolute; left: 0px; top: 0px; display: none;\\" class=\\"dropdown-menu show\\" aria-labelledby=\\"__BVID__880770___BV_dropdown__\\" role=\\"menu\\">
                      <li role=\\"presentation\\">
                        <form class=\\"px-4 py-3\\">
                          <div class=\\"row d-flex flex-wrap mb-0\\" id=\\"__BVID__547091___BV___\\" role=\\"group\\"><label class=\\"col-md-auto col-form-label col-form-label col-form-label-sm\\" id=\\"__BVID__366689___BV__BV_label___\\" for=\\"tag-search-input\\">Search Dances</label>
                            <div class=\\"col\\"><input id=\\"__BVID__260809___BV_input__\\" class=\\"form-control form-control-sm\\" type=\\"search\\" autocomplete=\\"off\\">
                              <!---->
                              <!---->
                              <!---->
                            </div>
                          </div>
                        </form>
                      </li>
                      <li role=\\"presentation\\">
                        <hr class=\\"dropdown-divider\\" role=\\"separator\\" aria-orientation=\\"horizontal\\">
                      </li>
                      <!--v-if-->
                      <div>
                        <li role=\\"presentation\\"><button role=\\"menu\\" type=\\"button\\" class=\\"dropdown-item\\">Argentine Tango</button></li>
                        <li role=\\"presentation\\"><button role=\\"menu\\" type=\\"button\\" class=\\"dropdown-item\\">Balboa</button></li>
                        <li role=\\"presentation\\"><button role=\\"menu\\" type=\\"button\\" class=\\"dropdown-item\\">Bachata</button></li>
                        <li role=\\"presentation\\"><button role=\\"menu\\" type=\\"button\\" class=\\"dropdown-item\\">Broadway</button></li>
                        <li role=\\"presentation\\"><button role=\\"menu\\" type=\\"button\\" class=\\"dropdown-item\\">Ballet</button></li>
                        <li role=\\"presentation\\"><button role=\\"menu\\" type=\\"button\\" class=\\"dropdown-item\\">Blues</button></li>
                        <li role=\\"presentation\\"><button role=\\"menu\\" type=\\"button\\" class=\\"dropdown-item\\">Bossa Nova</button></li>
                        <li role=\\"presentation\\"><button role=\\"menu\\" type=\\"button\\" class=\\"dropdown-item\\">Bollywood</button></li>
                        <li role=\\"presentation\\"><button role=\\"menu\\" type=\\"button\\" class=\\"dropdown-item\\">Country Two Step</button></li>
                        <li role=\\"presentation\\"><button role=\\"menu\\" type=\\"button\\" class=\\"dropdown-item\\">Castle Foxtrot</button></li>
                        <li role=\\"presentation\\"><button role=\\"menu\\" type=\\"button\\" class=\\"dropdown-item\\">Cha Cha</button></li>
                        <li role=\\"presentation\\"><button role=\\"menu\\" type=\\"button\\" class=\\"dropdown-item\\">Collegiate Shag</button></li>
                        <li role=\\"presentation\\"><button role=\\"menu\\" type=\\"button\\" class=\\"dropdown-item\\">Cumbia</button></li>
                        <li role=\\"presentation\\"><button role=\\"menu\\" type=\\"button\\" class=\\"dropdown-item\\">Contemporary</button></li>
                        <li role=\\"presentation\\"><button role=\\"menu\\" type=\\"button\\" class=\\"dropdown-item\\">Carolina Shag</button></li>
                        <li role=\\"presentation\\"><button role=\\"menu\\" type=\\"button\\" class=\\"dropdown-item\\">Charleston</button></li>
                        <li role=\\"presentation\\"><button role=\\"menu\\" type=\\"button\\" class=\\"dropdown-item\\">Cross-step Waltz</button></li>
                        <li role=\\"presentation\\"><button role=\\"menu\\" type=\\"button\\" class=\\"dropdown-item\\">Disco</button></li>
                        <li role=\\"presentation\\"><button role=\\"menu\\" type=\\"button\\" class=\\"dropdown-item\\">East Coast Swing</button></li>
                        <li role=\\"presentation\\"><button role=\\"menu\\" type=\\"button\\" class=\\"dropdown-item\\">Freestyle</button></li>
                        <li role=\\"presentation\\"><button role=\\"menu\\" type=\\"button\\" class=\\"dropdown-item\\">Foxtrot</button></li>
                        <li role=\\"presentation\\"><button role=\\"menu\\" type=\\"button\\" class=\\"dropdown-item\\">Hip-Hop</button></li>
                        <li role=\\"presentation\\"><button role=\\"menu\\" type=\\"button\\" class=\\"dropdown-item\\">Hustle</button></li>
                        <li role=\\"presentation\\"><button role=\\"menu\\" type=\\"button\\" class=\\"dropdown-item\\">Jazz</button></li>
                        <li role=\\"presentation\\"><button role=\\"menu\\" type=\\"button\\" class=\\"dropdown-item\\">Jive</button></li>
                        <li role=\\"presentation\\"><button role=\\"menu\\" type=\\"button\\" class=\\"dropdown-item\\">Jump Swing</button></li>
                        <li role=\\"presentation\\"><button role=\\"menu\\" type=\\"button\\" class=\\"dropdown-item\\">Lindy Hop</button></li>
                        <li role=\\"presentation\\"><button role=\\"menu\\" type=\\"button\\" class=\\"dropdown-item\\">Latin</button></li>
                        <li role=\\"presentation\\"><button role=\\"menu\\" type=\\"button\\" class=\\"dropdown-item\\">Mambo</button></li>
                        <li role=\\"presentation\\"><button role=\\"menu\\" type=\\"button\\" class=\\"dropdown-item\\">Milonga</button></li>
                        <li role=\\"presentation\\"><button role=\\"menu\\" type=\\"button\\" class=\\"dropdown-item\\">Merengue</button></li>
                        <li role=\\"presentation\\"><button role=\\"menu\\" type=\\"button\\" class=\\"dropdown-item\\">Other</button></li>
                        <li role=\\"presentation\\"><button role=\\"menu\\" type=\\"button\\" class=\\"dropdown-item\\">Motown</button></li>
                        <li role=\\"presentation\\"><button role=\\"menu\\" type=\\"button\\" class=\\"dropdown-item\\">Night Club Two Step</button></li>
                        <li role=\\"presentation\\"><button role=\\"menu\\" type=\\"button\\" class=\\"dropdown-item\\">Neo Tango</button></li>
                        <li role=\\"presentation\\"><button role=\\"menu\\" type=\\"button\\" class=\\"dropdown-item\\">Peabody</button></li>
                        <li role=\\"presentation\\"><button role=\\"menu\\" type=\\"button\\" class=\\"dropdown-item\\">Paso Doble</button></li>
                        <li role=\\"presentation\\"><button role=\\"menu\\" type=\\"button\\" class=\\"dropdown-item\\">Polka</button></li>
                        <li role=\\"presentation\\"><button role=\\"menu\\" type=\\"button\\" class=\\"dropdown-item\\">Performance</button></li>
                        <li role=\\"presentation\\"><button role=\\"menu\\" type=\\"button\\" class=\\"dropdown-item\\">Quickstep</button></li>
                        <li role=\\"presentation\\"><button role=\\"menu\\" type=\\"button\\" class=\\"dropdown-item\\">Slow Foxtrot</button></li>
                        <li role=\\"presentation\\"><button role=\\"menu\\" type=\\"button\\" class=\\"dropdown-item\\">Salsa</button></li>
                        <li role=\\"presentation\\"><button role=\\"menu\\" type=\\"button\\" class=\\"dropdown-item\\">Samba</button></li>
                        <li role=\\"presentation\\"><button role=\\"menu\\" type=\\"button\\" class=\\"dropdown-item\\">Single Swing</button></li>
                        <li role=\\"presentation\\"><button role=\\"menu\\" type=\\"button\\" class=\\"dropdown-item\\">Swing</button></li>
                        <li role=\\"presentation\\"><button role=\\"menu\\" type=\\"button\\" class=\\"dropdown-item\\">Slow Waltz</button></li>
                        <li role=\\"presentation\\"><button role=\\"menu\\" type=\\"button\\" class=\\"dropdown-item\\">Tap</button></li>
                        <li role=\\"presentation\\"><button role=\\"menu\\" type=\\"button\\" class=\\"dropdown-item\\">Tango (Ballroom)</button></li>
                        <li role=\\"presentation\\"><button role=\\"menu\\" type=\\"button\\" class=\\"dropdown-item\\">Tango Vals</button></li>
                        <li role=\\"presentation\\"><button role=\\"menu\\" type=\\"button\\" class=\\"dropdown-item\\">Tango</button></li>
                        <li role=\\"presentation\\"><button role=\\"menu\\" type=\\"button\\" class=\\"dropdown-item\\">Viennese Waltz</button></li>
                        <li role=\\"presentation\\"><button role=\\"menu\\" type=\\"button\\" class=\\"dropdown-item\\">West Coast Swing</button></li>
                        <li role=\\"presentation\\"><button role=\\"menu\\" type=\\"button\\" class=\\"dropdown-item\\">Waltz</button></li>
                      </div>
                    </ul>
                  </div>
                  <!---->
                </div>
                <div class=\\"d-flex justify-content-between w-100 mx-1 mb-2\\">
                  <div id=\\"dance-connector\\" role=\\"radiogroup\\" class=\\"btn-group btn-group-sm bv-no-focus-ring mx-3\\" tabindex=\\"-1\\"><input id=\\"__BVID__959511___BV_form-check__\\" class=\\"btn-check\\" type=\\"radio\\" name=\\"__BVID__422721___BV_checkbox__\\" value=\\"any\\"><label for=\\"__BVID__959511___BV_form-check__\\" class=\\"btn btn-outline-secondary btn-sm\\">Any</label><input id=\\"__BVID__281980___BV_form-check__\\" class=\\"btn-check\\" type=\\"radio\\" name=\\"__BVID__422721___BV_checkbox__\\" value=\\"all\\"><label for=\\"__BVID__281980___BV_form-check__\\" class=\\"btn btn-outline-secondary btn-sm\\">All</label></div>
                </div>
              </div>
              <!---->
              <!---->
              <!---->
            </div>
          </fieldset>
          <fieldset class=\\"\\" id=\\"__BVID__139090___BV___\\">
            <legend id=\\"__BVID__897082___BV__BV_label___\\" tabindex=\\"-1\\" class=\\"form-label bv-no-focus-ring col-form-label pt-0\\">Include Tags:</legend>
            <div class=\\"\\">
              <div id=\\"includeTags\\" class=\\"b-form-tags form-control h-auto mb-2\\" role=\\"group\\" tabindex=\\"-1\\" style=\\"border-style: hidden;\\"><output id=\\"__BVID__015285___BV___selected_tags__\\" class=\\"visually-hidden\\" for=\\"__BVID__015285___BV___input__\\" aria-live=\\"off\\" aria-atomic=\\"true\\" aria-relevant=\\"additions text\\"></output>
                <div id=\\"__BVID__015285___BV___removed_tags__\\" role=\\"status\\" aria-live=\\"off\\" aria-atomic=\\"true\\" class=\\"visually-hidden\\"> (Tag removed) </div>
                <!--v-if-->
                <div class=\\"d-grid btn-group tag-dropdown\\"><button class=\\"btn btn-sm btn-outline-secondary dropdown-toggle\\" type=\\"button\\" id=\\"__BVID__801154___BV_dropdown__\\" aria-expanded=\\"false\\" aria-haspopup=\\"menu\\"><svg viewBox=\\"0 0 16 16\\" width=\\"1.2em\\" height=\\"1.2em\\">
                      <path fill=\\"currentColor\\" d=\\"M2 1a1 1 0 0 0-1 1v4.586a1 1 0 0 0 .293.707l7 7a1 1 0 0 0 1.414 0l4.586-4.586a1 1 0 0 0 0-1.414l-7-7A1 1 0 0 0 6.586 1zm4 3.5a1.5 1.5 0 1 1-3 0a1.5 1.5 0 0 1 3 0\\"></path>
                    </svg> Choose Tags to Include</button>
                  <!---->
                  <ul style=\\"position: absolute; left: 0px; top: 0px; display: none;\\" class=\\"dropdown-menu show\\" aria-labelledby=\\"__BVID__801154___BV_dropdown__\\" role=\\"menu\\">
                    <li role=\\"presentation\\">
                      <form class=\\"px-4 py-3\\">
                        <div class=\\"row d-flex flex-wrap mb-0\\" id=\\"__BVID__215984___BV___\\" role=\\"group\\"><label class=\\"col-md-auto col-form-label col-form-label col-form-label-sm\\" id=\\"__BVID__474373___BV__BV_label___\\" for=\\"tag-search-input\\">Search Tags</label>
                          <div class=\\"col\\"><input id=\\"__BVID__252055___BV_input__\\" class=\\"form-control form-control-sm\\" type=\\"search\\" autocomplete=\\"off\\">
                            <!---->
                            <!---->
                            <!---->
                          </div>
                        </div>
                      </form>
                    </li>
                    <li role=\\"presentation\\">
                      <hr class=\\"dropdown-divider\\" role=\\"separator\\" aria-orientation=\\"horizontal\\">
                    </li>
                    <!--v-if-->
                    <li role=\\"presentation\\">
                      <p class=\\"px-4 py-1 mb-0 text-body-secondary\\"> Start typing to see a list of matching tags </p>
                    </li>
                  </ul>
                </div>
                <!---->
              </div>
              <!---->
              <!---->
              <!---->
            </div>
          </fieldset>
          <fieldset class=\\"\\" id=\\"__BVID__315000___BV___\\">
            <legend id=\\"__BVID__220974___BV__BV_label___\\" tabindex=\\"-1\\" class=\\"form-label bv-no-focus-ring col-form-label pt-0\\">Exclude Tags:</legend>
            <div class=\\"\\">
              <div id=\\"excludeTags\\" class=\\"b-form-tags form-control h-auto mb-2\\" role=\\"group\\" tabindex=\\"-1\\" style=\\"border-style: hidden;\\"><output id=\\"__BVID__765415___BV___selected_tags__\\" class=\\"visually-hidden\\" for=\\"__BVID__765415___BV___input__\\" aria-live=\\"off\\" aria-atomic=\\"true\\" aria-relevant=\\"additions text\\"></output>
                <div id=\\"__BVID__765415___BV___removed_tags__\\" role=\\"status\\" aria-live=\\"off\\" aria-atomic=\\"true\\" class=\\"visually-hidden\\"> (Tag removed) </div>
                <!--v-if-->
                <div class=\\"d-grid btn-group tag-dropdown\\"><button class=\\"btn btn-sm btn-outline-secondary dropdown-toggle\\" type=\\"button\\" id=\\"__BVID__438775___BV_dropdown__\\" aria-expanded=\\"false\\" aria-haspopup=\\"menu\\"><svg viewBox=\\"0 0 16 16\\" width=\\"1.2em\\" height=\\"1.2em\\">
                      <path fill=\\"currentColor\\" d=\\"M2 1a1 1 0 0 0-1 1v4.586a1 1 0 0 0 .293.707l7 7a1 1 0 0 0 1.414 0l4.586-4.586a1 1 0 0 0 0-1.414l-7-7A1 1 0 0 0 6.586 1zm4 3.5a1.5 1.5 0 1 1-3 0a1.5 1.5 0 0 1 3 0\\"></path>
                    </svg> Choose Tags to Exclude</button>
                  <!---->
                  <ul style=\\"position: absolute; left: 0px; top: 0px; display: none;\\" class=\\"dropdown-menu show\\" aria-labelledby=\\"__BVID__438775___BV_dropdown__\\" role=\\"menu\\">
                    <li role=\\"presentation\\">
                      <form class=\\"px-4 py-3\\">
                        <div class=\\"row d-flex flex-wrap mb-0\\" id=\\"__BVID__926498___BV___\\" role=\\"group\\"><label class=\\"col-md-auto col-form-label col-form-label col-form-label-sm\\" id=\\"__BVID__917045___BV__BV_label___\\" for=\\"tag-search-input\\">Search Tags</label>
                          <div class=\\"col\\"><input id=\\"__BVID__516131___BV_input__\\" class=\\"form-control form-control-sm\\" type=\\"search\\" autocomplete=\\"off\\">
                            <!---->
                            <!---->
                            <!---->
                          </div>
                        </div>
                      </form>
                    </li>
                    <li role=\\"presentation\\">
                      <hr class=\\"dropdown-divider\\" role=\\"separator\\" aria-orientation=\\"horizontal\\">
                    </li>
                    <!--v-if-->
                    <li role=\\"presentation\\">
                      <p class=\\"px-4 py-1 mb-0 text-body-secondary\\"> Start typing to see a list of matching tags </p>
                    </li>
                  </ul>
                </div>
                <!---->
              </div>
              <!---->
              <!---->
              <!---->
            </div>
          </fieldset>
          <div class=\\"\\" id=\\"tempo-range-group\\" role=\\"group\\"><label id=\\"__BVID__760790___BV__BV_label___\\" for=\\"tempo-range\\" class=\\"form-label d-block\\">Tempo range (BPM):</label>
            <div class=\\"\\">
              <fieldset class=\\"\\" id=\\"tempo-range\\">
                <!---->
                <div class=\\"\\">
                  <div class=\\"d-flex\\"><input id=\\"tempo-min\\" class=\\"form-control\\" type=\\"number\\" min=\\"0\\" max=\\"400\\" style=\\"width: 6rem;\\"><span class=\\"mx-2 pt-2\\">to</span><input id=\\"tempo-max\\" class=\\"form-control\\" type=\\"number\\" min=\\"0\\" max=\\"400\\" style=\\"width: 6rem;\\">
                    <div class=\\"invalid-feedback\\">Tempos must be between 0 and 400 BPM</div>
                  </div>
                  <!---->
                  <!---->
                  <!---->
                </div>
              </fieldset>
              <!---->
              <!---->
              <!---->
            </div>
          </div>
          <div class=\\"\\" id=\\"length-range-group\\" role=\\"group\\"><label id=\\"__BVID__533888___BV__BV_label___\\" for=\\"length-range\\" class=\\"form-label d-block\\">Length range (seconds):</label>
            <div class=\\"\\">
              <fieldset class=\\"\\" id=\\"length-range\\">
                <!---->
                <div class=\\"\\">
                  <div class=\\"d-flex\\"><input id=\\"length-min\\" class=\\"form-control\\" type=\\"number\\" min=\\"0\\" max=\\"600\\" style=\\"width: 6rem;\\"><span class=\\"mx-2 pt-2\\">to</span><input id=\\"length-max\\" class=\\"form-control\\" type=\\"number\\" min=\\"0\\" max=\\"600\\" style=\\"width: 6rem;\\">
                    <div class=\\"invalid-feedback\\">Length must be between 0 and 600 seconds</div>
                  </div>
                  <!---->
                  <!---->
                  <!---->
                </div>
              </fieldset>
              <!---->
              <!---->
              <!---->
            </div>
          </div>
          <div class=\\"\\" id=\\"activity-group\\" role=\\"group\\"><label id=\\"__BVID__426983___BV__BV_label___\\" for=\\"activity\\" class=\\"form-label d-block\\">By User:</label>
            <div class=\\"\\">
              <div class=\\"d-flex\\"><input id=\\"user\\" class=\\"form-control mr-2\\" type=\\"text\\" placeholder=\\"UserName or me\\" style=\\"width: 10rem;\\"><select id=\\"activity\\" class=\\"form-select\\">
                  <option value=\\"NT\\">Don't filter on user activity</option>
                </select></div>
              <!---->
              <!---->
              <!---->
            </div>
          </div>
          <div class=\\"mx-2 mb-2\\" id=\\"services-group\\" role=\\"group\\"><label id=\\"__BVID__527727___BV__BV_label___\\" for=\\"services\\" class=\\"form-label d-block\\">Available on:</label>
            <div class=\\"\\">
              <div id=\\"services\\" role=\\"group\\" class=\\"btn-group-md bv-no-focus-ring\\" tabindex=\\"-1\\">
                <div class=\\"form-check form-check-inline\\"><input id=\\"__BVID__655613___BV_form-check__\\" class=\\"form-check-input\\" type=\\"checkbox\\" name=\\"__BVID__396207___BV_checkbox__\\" value=\\"A\\"><label for=\\"__BVID__655613___BV_form-check__\\" class=\\"form-check-label\\">Amazon</label></div>
                <div class=\\"form-check form-check-inline\\"><input id=\\"__BVID__360239___BV_form-check__\\" class=\\"form-check-input\\" type=\\"checkbox\\" name=\\"__BVID__396207___BV_checkbox__\\" value=\\"I\\"><label for=\\"__BVID__360239___BV_form-check__\\" class=\\"form-check-label\\">ITunes</label></div>
                <div class=\\"form-check form-check-inline\\"><input id=\\"__BVID__287571___BV_form-check__\\" class=\\"form-check-input\\" type=\\"checkbox\\" name=\\"__BVID__396207___BV_checkbox__\\" value=\\"S\\"><label for=\\"__BVID__287571___BV_form-check__\\" class=\\"form-check-label\\">Spotify</label></div>
              </div>
              <!---->
              <!---->
              <!---->
            </div>
          </div>
          <div class=\\"mx-2 mb-2\\" id=\\"bonuses-group\\" role=\\"group\\"><label id=\\"__BVID__641679___BV__BV_label___\\" for=\\"bonuses\\" class=\\"form-label d-block\\">Bonus content:</label>
            <div class=\\"\\">
              <div id=\\"bonuses\\" role=\\"group\\" class=\\"btn-group-md bv-no-focus-ring\\" tabindex=\\"-1\\">
                <div class=\\"form-check form-check-inline\\"><input id=\\"__BVID__673623___BV_form-check__\\" class=\\"form-check-input\\" type=\\"checkbox\\" name=\\"__BVID__010144___BV_checkbox__\\" value=\\"P\\"><label for=\\"__BVID__673623___BV_form-check__\\" class=\\"form-check-label\\">Not found in any publisher catalog</label></div>
                <div class=\\"form-check form-check-inline\\"><input id=\\"__BVID__421840___BV_form-check__\\" class=\\"form-check-input\\" type=\\"checkbox\\" name=\\"__BVID__010144___BV_checkbox__\\" value=\\"D\\"><label for=\\"__BVID__421840___BV_form-check__\\" class=\\"form-check-label\\">Not categorized by dance</label></div>
              </div>
              <!---->
              <!----><small id=\\"__BVID__034969___BV__BV_description___\\" class=\\"text-body-secondary form-text\\"><a href=\\"https://music4dance.blog/music4dance-help/subscriptions/\\">Premium content</a></small>
            </div>
          </div>
          <div class=\\"\\" id=\\"sort-group\\" role=\\"group\\"><label id=\\"__BVID__400174___BV__BV_label___\\" for=\\"sort\\" class=\\"form-label d-block\\">Sort By:</label>
            <div class=\\"\\"><select id=\\"sort\\" class=\\"form-select\\" required=\\"\\" aria-required=\\"true\\">
                <option value=\\"Title\\">Title</option>
                <option value=\\"Artist\\">Artist</option>
                <option value=\\"Tempo\\">Tempo</option>
                <option value=\\"Length\\">Length</option>
                <option value=\\"Modified\\">Last Modified</option>
                <option value=\\"Edited\\">Last Edited</option>
                <option value=\\"Created\\">When Added</option>
                <option value=\\"Energy\\">Energy</option>
                <option value=\\"Mood\\">Mood</option>
                <option value=\\"Beat\\">Strength of Beat</option>
                <option value=\\"Comments\\">Comments</option>
                <option>Closest Match</option>
              </select>
              <div id=\\"sort-order\\" role=\\"radiogroup\\" class=\\"btn-group-md bv-no-focus-ring mt-2\\" tabindex=\\"-1\\">
                <div class=\\"form-check form-check-inline\\"><input id=\\"__BVID__851625___BV_form-check__\\" class=\\"form-check-input\\" type=\\"radio\\" name=\\"sort-order\\" value=\\"asc\\"><label for=\\"__BVID__851625___BV_form-check__\\" class=\\"form-check-label\\">Ascending (A-Z, Slow-Fast, Newest-Oldest, Shortest-Longest)</label></div>
                <div class=\\"form-check form-check-inline\\"><input id=\\"__BVID__361634___BV_form-check__\\" class=\\"form-check-input\\" type=\\"radio\\" name=\\"sort-order\\" value=\\"desc\\"><label for=\\"__BVID__361634___BV_form-check__\\" class=\\"form-check-label\\">Descending (Z-A, Fast-Slow, Oldest-Newest, Longest-Shortest)</label></div>
              </div>
              <!---->
              <!---->
              <!---->
            </div>
          </div>
          <div class=\\"d-flex justify-content-between w-100 mx-1 mb-2\\"><button class=\\"btn btn-md btn-secondary\\" type=\\"reset\\">Reset</button><button class=\\"btn btn-md btn-primary\\" type=\\"submit\\">Submit</button></div>
        </form>
        <!--v-if-->
      </div>
    </div>
  </div>
  <div id=\\"footer-content\\">
    <hr>
    <footer>
      <p> © 2024 - <a href=\\"https://www.music4dance.net\\">Music4Dance.net</a> - <a href=\\"https://www.music4dance.net/home/sitemap\\">Site Map</a> - <a href=\\"https://www.music4dance.net/home/termsofservice\\">Terms of Service</a> - <a href=\\"https://www.music4dance.net/home/privacypolicy\\">Privacy Policy</a> - <a href=\\"https://www.music4dance.net/home/credits\\">Credits</a> - <a>Help</a></p>
    </footer>
  </div>
</div>"
`;
