// Vitest Snapshot v1, https://vitest.dev/guide/snapshot.html

exports[`Augment Page > Renders the Augment Page 1`] = `
"<div data-v-6c79bed6="" id="app">
  <div data-v-6c79bed6="" class="row">
    <div data-v-6c79bed6="" class="col">
      <!--v-if-->
      <h1 data-v-6c79bed6="">Add Song</h1>
      <div data-v-6c79bed6="" class="tabs">
        <!---->
        <!---->
        <div class="card-header">
          <ul class="nav card-header-tabs nav-tabs" role="tablist" aria-orientation="horizontal">
            <li class="nav-item" role="presentation"><button class="nav-link active" role="tab" aria-controls="BootstrapVueNext__ID__v-0__tabpane___" aria-selected="true" type="button">by Title</button></li>
            <li class="nav-item" role="presentation"><button class="nav-link" role="tab" aria-controls="BootstrapVueNext__ID__v-1__tabpane___" aria-selected="false" tabindex="-1" type="button">by Id</button></li>
          </ul>
        </div>
        <div class="tab-content">
          <div data-v-6c79bed6="" id="BootstrapVueNext__ID__v-2__tabpane___" class="tab-pane card-body fade" role="tabpanel" aria-labelledby="BootstrapVueNext__ID__v-3__tab___">
            <p data-v-6c79bed6="" class="card-text">
            <div data-v-6c79bed6="">AugmentSearch</div>
            </p>
          </div>
          <div data-v-6c79bed6="" id="BootstrapVueNext__ID__v-4__tabpane___" class="tab-pane card-body fade" role="tabpanel" aria-labelledby="BootstrapVueNext__ID__v-5__tab___">
            <p data-v-6c79bed6="" class="card-text">
            <div data-v-6c79bed6="">AugmentLookup</div>
            </p>
          </div>
          <!--v-if-->
          <!---->
        </div>
      </div>
    </div>
  </div>
  <div data-v-6c79bed6="" class="row">
    <div data-v-6c79bed6="" class="col">
      <transition-stub data-v-6c79bed6="" name="fade" enteractiveclass="" enterfromclass="showing" entertoclass="" leaveactiveclass="" leavefromclass="" leavetoclass="showing" appear="true" persisted="false" css="true">
        <div class="alert alert-warning show" tabindex="0" role="alert" aria-live="assertive" aria-atomic="true">
          <!---->
          <div class="d-flex gap-2">
            <div class="alert-body"> Adding songs is a new feature so if you run into bugs or have suggestions for improving this feature please don't hesitate to send email to <a data-v-6c79bed6="" href="mailto:info@music4dance.net">info@music4dance.net</a> or fill out our <a data-v-6c79bed6="" href="https://music4dance.blog/feedback/">feedback form</a> and we'll be happy to take your input as we contineu to improve the feature. </div>
            <!---->
          </div>
          <!---->
        </div>
      </transition-stub>
    </div>
  </div>
</div>"
`;
